../CANopenNode_STM32/CO_driver_STM32.c:46:1:CO_CANsetConfigurationMode	16	static
../CANopenNode_STM32/CO_driver_STM32.c:59:1:CO_CANsetNormalMode	16	static
../CANopenNode_STM32/CO_driver_STM32.c:75:1:CO_CANmodule_init	40	static
../CANopenNode_STM32/CO_driver_STM32.c:186:1:CO_CANmodule_disable	16	static
../CANopenNode_STM32/CO_driver_STM32.c:199:1:CO_CANrxBufferInit	32	static,ignoring_inline_asm
../CANopenNode_STM32/CO_driver_STM32.c:231:1:CO_CANtxBufferInit	32	static
../CANopenNode_STM32/CO_driver_STM32.c:255:1:prv_send_can_message	24	static
../CANopenNode_STM32/CO_driver_STM32.c:340:1:CO_CANsend	32	static,ignoring_inline_asm
../CANopenNode_STM32/CO_driver_STM32.c:371:1:CO_CANclearPendingSyncPDOs	32	static,ignoring_inline_asm
../CANopenNode_STM32/CO_driver_STM32.c:406:1:CO_CANmodule_process	24	static
../CANopenNode_STM32/CO_driver_STM32.c:490:1:prv_read_can_received_msg	104	static,ignoring_inline_asm
../CANopenNode_STM32/CO_driver_STM32.c:614:1:HAL_FDCAN_RxFifo0Callback	16	static
../CANopenNode_STM32/CO_driver_STM32.c:627:1:HAL_FDCAN_RxFifo1Callback	16	static
../CANopenNode_STM32/CO_driver_STM32.c:640:1:HAL_FDCAN_TxBufferCompleteCallback	32	static,ignoring_inline_asm
