Archive member included to satisfy reference by file (symbol)

C:/ST/STM32CubeIDE_1.12.1/STM32CubeIDE/plugins/com.st.stm32cube.ide.mcu.externaltools.gnu-tools-for-stm32.13.3.rel1.win32_1.0.100.202509120712/tools/bin/../lib/gcc/arm-none-eabi/13.3.1/../../../../arm-none-eabi/lib/thumb/v7e-m+fp/hard\libc_nano.a(libc_a-calloc.o)
                              ./CANopenNode/CANopen.o (calloc)
C:/ST/STM32CubeIDE_1.12.1/STM32CubeIDE/plugins/com.st.stm32cube.ide.mcu.externaltools.gnu-tools-for-stm32.13.3.rel1.win32_1.0.100.202509120712/tools/bin/../lib/gcc/arm-none-eabi/13.3.1/../../../../arm-none-eabi/lib/thumb/v7e-m+fp/hard\libc_nano.a(libc_a-callocr.o)
                              C:/ST/STM32CubeIDE_1.12.1/STM32CubeIDE/plugins/com.st.stm32cube.ide.mcu.externaltools.gnu-tools-for-stm32.13.3.rel1.win32_1.0.100.202509120712/tools/bin/../lib/gcc/arm-none-eabi/13.3.1/../../../../arm-none-eabi/lib/thumb/v7e-m+fp/hard\libc_nano.a(libc_a-calloc.o) (_calloc_r)
C:/ST/STM32CubeIDE_1.12.1/STM32CubeIDE/plugins/com.st.stm32cube.ide.mcu.externaltools.gnu-tools-for-stm32.13.3.rel1.win32_1.0.100.202509120712/tools/bin/../lib/gcc/arm-none-eabi/13.3.1/../../../../arm-none-eabi/lib/thumb/v7e-m+fp/hard\libc_nano.a(libc_a-exit.o)
                              C:/ST/STM32CubeIDE_1.12.1/STM32CubeIDE/plugins/com.st.stm32cube.ide.mcu.externaltools.gnu-tools-for-stm32.13.3.rel1.win32_1.0.100.202509120712/tools/bin/../lib/gcc/arm-none-eabi/13.3.1/../../../../arm-none-eabi/lib/thumb/v7e-m+fp/hard/crt0.o (exit)
C:/ST/STM32CubeIDE_1.12.1/STM32CubeIDE/plugins/com.st.stm32cube.ide.mcu.externaltools.gnu-tools-for-stm32.13.3.rel1.win32_1.0.100.202509120712/tools/bin/../lib/gcc/arm-none-eabi/13.3.1/../../../../arm-none-eabi/lib/thumb/v7e-m+fp/hard\libc_nano.a(libc_a-malloc.o)
                              ./CANopenNode/CANopen.o (free)
C:/ST/STM32CubeIDE_1.12.1/STM32CubeIDE/plugins/com.st.stm32cube.ide.mcu.externaltools.gnu-tools-for-stm32.13.3.rel1.win32_1.0.100.202509120712/tools/bin/../lib/gcc/arm-none-eabi/13.3.1/../../../../arm-none-eabi/lib/thumb/v7e-m+fp/hard\libc_nano.a(libc_a-mallocr.o)
                              C:/ST/STM32CubeIDE_1.12.1/STM32CubeIDE/plugins/com.st.stm32cube.ide.mcu.externaltools.gnu-tools-for-stm32.13.3.rel1.win32_1.0.100.202509120712/tools/bin/../lib/gcc/arm-none-eabi/13.3.1/../../../../arm-none-eabi/lib/thumb/v7e-m+fp/hard\libc_nano.a(libc_a-callocr.o) (_malloc_r)
C:/ST/STM32CubeIDE_1.12.1/STM32CubeIDE/plugins/com.st.stm32cube.ide.mcu.externaltools.gnu-tools-for-stm32.13.3.rel1.win32_1.0.100.202509120712/tools/bin/../lib/gcc/arm-none-eabi/13.3.1/../../../../arm-none-eabi/lib/thumb/v7e-m+fp/hard\libc_nano.a(libc_a-mlock.o)
                              C:/ST/STM32CubeIDE_1.12.1/STM32CubeIDE/plugins/com.st.stm32cube.ide.mcu.externaltools.gnu-tools-for-stm32.13.3.rel1.win32_1.0.100.202509120712/tools/bin/../lib/gcc/arm-none-eabi/13.3.1/../../../../arm-none-eabi/lib/thumb/v7e-m+fp/hard\libc_nano.a(libc_a-mallocr.o) (__malloc_lock)
C:/ST/STM32CubeIDE_1.12.1/STM32CubeIDE/plugins/com.st.stm32cube.ide.mcu.externaltools.gnu-tools-for-stm32.13.3.rel1.win32_1.0.100.202509120712/tools/bin/../lib/gcc/arm-none-eabi/13.3.1/../../../../arm-none-eabi/lib/thumb/v7e-m+fp/hard\libc_nano.a(libc_a-fflush.o)
                              ./CANopenNode_STM32/CO_app_STM32.o (fflush)
C:/ST/STM32CubeIDE_1.12.1/STM32CubeIDE/plugins/com.st.stm32cube.ide.mcu.externaltools.gnu-tools-for-stm32.13.3.rel1.win32_1.0.100.202509120712/tools/bin/../lib/gcc/arm-none-eabi/13.3.1/../../../../arm-none-eabi/lib/thumb/v7e-m+fp/hard\libc_nano.a(libc_a-findfp.o)
                              C:/ST/STM32CubeIDE_1.12.1/STM32CubeIDE/plugins/com.st.stm32cube.ide.mcu.externaltools.gnu-tools-for-stm32.13.3.rel1.win32_1.0.100.202509120712/tools/bin/../lib/gcc/arm-none-eabi/13.3.1/../../../../arm-none-eabi/lib/thumb/v7e-m+fp/hard\libc_nano.a(libc_a-fflush.o) (__sglue)
C:/ST/STM32CubeIDE_1.12.1/STM32CubeIDE/plugins/com.st.stm32cube.ide.mcu.externaltools.gnu-tools-for-stm32.13.3.rel1.win32_1.0.100.202509120712/tools/bin/../lib/gcc/arm-none-eabi/13.3.1/../../../../arm-none-eabi/lib/thumb/v7e-m+fp/hard\libc_nano.a(libc_a-fwalk.o)
                              C:/ST/STM32CubeIDE_1.12.1/STM32CubeIDE/plugins/com.st.stm32cube.ide.mcu.externaltools.gnu-tools-for-stm32.13.3.rel1.win32_1.0.100.202509120712/tools/bin/../lib/gcc/arm-none-eabi/13.3.1/../../../../arm-none-eabi/lib/thumb/v7e-m+fp/hard\libc_nano.a(libc_a-fflush.o) (_fwalk_sglue)
C:/ST/STM32CubeIDE_1.12.1/STM32CubeIDE/plugins/com.st.stm32cube.ide.mcu.externaltools.gnu-tools-for-stm32.13.3.rel1.win32_1.0.100.202509120712/tools/bin/../lib/gcc/arm-none-eabi/13.3.1/../../../../arm-none-eabi/lib/thumb/v7e-m+fp/hard\libc_nano.a(libc_a-printf.o)
                              ./CANopenNode_STM32/CO_app_STM32.o (printf)
[...]
Memory Configuration

Name             Origin             Length             Attributes
RAM              0x20000000         0x00008000         xrw
FLASH            0x08000000         0x00020000         xr
*default*        0x00000000         0xffffffff

Linker script and memory map

LOAD C:/ST/STM32CubeIDE_1.12.1/STM32CubeIDE/plugins/com.st.stm32cube.ide.mcu.externaltools.gnu-tools-for-stm32.13.3.rel1.win32_1.0.100.202509120712/tools/bin/../lib/gcc/arm-none-eabi/13.3.1/thumb/v7e-m+fp/hard/crti.o
LOAD C:/ST/STM32CubeIDE_1.12.1/STM32CubeIDE/plugins/com.st.stm32cube.ide.mcu.externaltools.gnu-tools-for-stm32.13.3.rel1.win32_1.0.100.202509120712/tools/bin/../lib/gcc/arm-none-eabi/13.3.1/thumb/v7e-m+fp/hard/crtbegin.o
LOAD C:/ST/STM32CubeIDE_1.12.1/STM32CubeIDE/plugins/com.st.stm32cube.ide.mcu.externaltools.gnu-tools-for-stm32.13.3.rel1.win32_1.0.100.202509120712/tools/bin/../lib/gcc/arm-none-eabi/13.3.1/../../../../arm-none-eabi/lib/thumb/v7e-m+fp/hard/crt0.o
LOAD ./CANopenNode/301/CO_Emergency.o
LOAD ./CANopenNode/301/CO_HBconsumer.o
LOAD ./CANopenNode/301/CO_NMT_Heartbeat.o
LOAD ./CANopenNode/301/CO_Node_Guarding.o
LOAD ./CANopenNode/301/CO_ODinterface.o
LOAD ./CANopenNode/301/CO_PDO.o
LOAD ./CANopenNode/301/CO_SDOclient.o
LOAD ./CANopenNode/301/CO_SDOserver.o
LOAD ./CANopenNode/301/CO_SYNC.o
LOAD ./CANopenNode/301/CO_TIME.o
LOAD ./CANopenNode/301/CO_fifo.o
LOAD ./CANopenNode/301/crc16-ccitt.o
LOAD ./CANopenNode/303/CO_LEDs.o
LOAD ./CANopenNode/304/CO_GFC.o
LOAD ./CANopenNode/304/CO_SRDO.o
LOAD ./CANopenNode/305/CO_LSSmaster.o
LOAD ./CANopenNode/305/CO_LSSslave.o
LOAD ./CANopenNode/309/CO_gateway_ascii.o
LOAD ./CANopenNode/CANopen.o
LOAD ./CANopenNode/extra/CO_trace.o
LOAD ./CANopenNode/storage/CO_storage.o
LOAD ./CANopenNode/storage/CO_storageEeprom.o
LOAD ./CANopenNode_STM32/CO_app_STM32.o
LOAD ./CANopenNode_STM32/CO_driver_STM32.o
LOAD ./CANopenNode_STM32/CO_storageBlank.o
LOAD ./CANopenNode_STM32/OD.o
LOAD ./Core/Src/adc.o
LOAD ./Core/Src/fdcan.o
LOAD ./Core/Src/gpio.o
LOAD ./Core/Src/main.o
LOAD ./Core/Src/stm32g4xx_hal_msp.o
LOAD ./Core/Src/stm32g4xx_it.o
LOAD ./Core/Src/syscalls.o
LOAD ./Core/Src/sysmem.o
LOAD ./Core/Src/system_stm32g4xx.o
LOAD ./Core/Src/tim.o
LOAD ./Core/Src/usart.o
LOAD ./Core/Startup/startup_stm32g431rbtx.o
LOAD ./Drivers/STM32G4xx_HAL_Driver/Src/stm32g4xx_hal.o
LOAD ./Drivers/STM32G4xx_HAL_Driver/Src/stm32g4xx_hal_adc.o
LOAD ./Drivers/STM32G4xx_HAL_Driver/Src/stm32g4xx_hal_adc_ex.o
LOAD ./Drivers/STM32G4xx_HAL_Driver/Src/stm32g4xx_hal_cortex.o
LOAD ./Drivers/STM32G4xx_HAL_Driver/Src/stm32g4xx_hal_dma.o
LOAD ./Drivers/STM32G4xx_HAL_Driver/Src/stm32g4xx_hal_dma_ex.o
LOAD ./Drivers/STM32G4xx_HAL_Driver/Src/stm32g4xx_hal_exti.o
LOAD ./Drivers/STM32G4xx_HAL_Driver/Src/stm32g4xx_hal_fdcan.o
LOAD ./Drivers/STM32G4xx_HAL_Driver/Src/stm32g4xx_hal_flash.o
LOAD ./Drivers/STM32G4xx_HAL_Driver/Src/stm32g4xx_hal_flash_ex.o
LOAD ./Drivers/STM32G4xx_HAL_Driver/Src/stm32g4xx_hal_flash_ramfunc.o
LOAD ./Drivers/STM32G4xx_HAL_Driver/Src/stm32g4xx_hal_gpio.o
LOAD ./Drivers/STM32G4xx_HAL_Driver/Src/stm32g4xx_hal_pwr.o
LOAD ./Drivers/STM32G4xx_HAL_Driver/Src/stm32g4xx_hal_pwr_ex.o
LOAD ./Drivers/STM32G4xx_HAL_Driver/Src/stm32g4xx_hal_rcc.o
LOAD ./Drivers/STM32G4xx_HAL_Driver/Src/stm32g4xx_hal_rcc_ex.o
LOAD ./Drivers/STM32G4xx_HAL_Driver/Src/stm32g4xx_hal_tim.o
LOAD ./Drivers/STM32G4xx_HAL_Driver/Src/stm32g4xx_hal_tim_ex.o
LOAD ./Drivers/STM32G4xx_HAL_Driver/Src/stm32g4xx_hal_uart.o
LOAD ./Drivers/STM32G4xx_HAL_Driver/Src/stm32g4xx_hal_uart_ex.o
LOAD ./Drivers/STM32G4xx_HAL_Driver/Src/stm32g4xx_ll_adc.o
LOAD ./User/Src/coordonne_absolue.o
LOAD ./User/Src/elevator_states.o
LOAD ./User/Src/mv_statemachine.o
LOAD ./User/Src/mv_statemachine_states.o
LOAD ./User/Src/pid_config.o
LOAD ./User/Src/recorder.o
LOAD ./User/Src/robot_data.o
LOAD ./User/Src/robot_sequences.o
LOAD ./User/Src/sequencer.o
LOAD ./User/Src/state_machine.o
LOAD ./User/Src/uart_messenger.o
LOAD ./lib_robot/src_lib/ax_controller.o
LOAD ./lib_robot/src_lib/encoders.o
LOAD ./lib_robot/src_lib/logicfuncs.o
LOAD ./lib_robot/src_lib/mathfuncs.o
LOAD ./lib_robot/src_lib/motor_asserv.o
LOAD ./lib_robot/src_lib/motors.o
LOAD ./lib_robot/src_lib/pid.o
START GROUP
LOAD C:/ST/STM32CubeIDE_1.12.1/STM32CubeIDE/plugins/com.st.stm32cube.ide.mcu.externaltools.gnu-tools-for-stm32.13.3.rel1.win32_1.0.100.202509120712/tools/bin/../lib/gcc/arm-none-eabi/13.3.1/../../../../arm-none-eabi/lib/thumb/v7e-m+fp/hard\libc_nano.a
LOAD C:/ST/STM32CubeIDE_1.12.1/STM32CubeIDE/plugins/com.st.stm32cube.ide.mcu.externaltools.gnu-tools-for-stm32.13.3.rel1.win32_1.0.100.202509120712/tools/bin/../lib/gcc/arm-none-eabi/13.3.1/../../../../arm-none-eabi/lib/thumb/v7e-m+fp/hard\libm.a
END GROUP
START GROUP
LOAD C:/ST/STM32CubeIDE_1.12.1/STM32CubeIDE/plugins/com.st.stm32cube.ide.mcu.externaltools.gnu-tools-for-stm32.13.3.rel1.win32_1.0.100.202509120712/tools/bin/../lib/gcc/arm-none-eabi/13.3.1/thumb/v7e-m+fp/hard\libgcc.a
LOAD C:/ST/STM32CubeIDE_1.12.1/STM32CubeIDE/plugins/com.st.stm32cube.ide.mcu.externaltools.gnu-tools-for-stm32.13.3.rel1.win32_1.0.100.202509120712/tools/bin/../lib/gcc/arm-none-eabi/13.3.1/../../../../arm-none-eabi/lib/thumb/v7e-m+fp/hard\libc_nano.a
END GROUP
START GROUP
LOAD C:/ST/STM32CubeIDE_1.12.1/STM32CubeIDE/plugins/com.st.stm32cube.ide.mcu.externaltools.gnu-tools-for-stm32.13.3.rel1.win32_1.0.100.202509120712/tools/bin/../lib/gcc/arm-none-eabi/13.3.1/thumb/v7e-m+fp/hard\libgcc.a
LOAD C:/ST/STM32CubeIDE_1.12.1/STM32CubeIDE/plugins/com.st.stm32cube.ide.mcu.externaltools.gnu-tools-for-stm32.13.3.rel1.win32_1.0.100.202509120712/tools/bin/../lib/gcc/arm-none-eabi/13.3.1/../../../../arm-none-eabi/lib/thumb/v7e-m+fp/hard\libc_nano.a
LOAD C:/ST/STM32CubeIDE_1.12.1/STM32CubeIDE/plugins/com.st.stm32cube.ide.mcu.externaltools.gnu-tools-for-stm32.13.3.rel1.win32_1.0.100.202509120712/tools/bin/../lib/gcc/arm-none-eabi/13.3.1/../../../../arm-none-eabi/lib/thumb/v7e-m+fp/hard\libnosys.a
END GROUP
START GROUP
LOAD C:/ST/STM32CubeIDE_1.12.1/STM32CubeIDE/plugins/com.st.stm32cube.ide.mcu.externaltools.gnu-tools-for-stm32.13.3.rel1.win32_1.0.100.202509120712/tools/bin/../lib/gcc/arm-none-eabi/13.3.1/thumb/v7e-m+fp/hard\libgcc.a
LOAD C:/ST/STM32CubeIDE_1.12.1/STM32CubeIDE/plugins/com.st.stm32cube.ide.mcu.externaltools.gnu-tools-for-stm32.13.3.rel1.win32_1.0.100.202509120712/tools/bin/../lib/gcc/arm-none-eabi/13.3.1/../../../../arm-none-eabi/lib/thumb/v7e-m+fp/hard\libc_nano.a
LOAD C:/ST/STM32CubeIDE_1.12.1/STM32CubeIDE/plugins/com.st.stm32cube.ide.mcu.externaltools.gnu-tools-for-stm32.13.3.rel1.win32_1.0.100.202509120712/tools/bin/../lib/gcc/arm-none-eabi/13.3.1/../../../../arm-none-eabi/lib/thumb/v7e-m+fp/hard\libnosys.a
END GROUP
LOAD C:/ST/STM32CubeIDE_1.12.1/STM32CubeIDE/plugins/com.st.stm32cube.ide.mcu.externaltools.gnu-tools-for-stm32.13.3.rel1.win32_1.0.100.202509120712/tools/bin/../lib/gcc/arm-none-eabi/13.3.1/thumb/v7e-m+fp/hard/crtend.o
LOAD C:/ST/STM32CubeIDE_1.12.1/STM32CubeIDE/plugins/com.st.stm32cube.ide.mcu.externaltools.gnu-tools-for-stm32.13.3.rel1.win32_1.0.100.202509120712/tools/bin/../lib/gcc/arm-none-eabi/13.3.1/thumb/v7e-m+fp/hard/crtn.o
                0x20008000                        _estack = (ORIGIN (RAM) + LENGTH (RAM))
                0x00000200                        _Min_Heap_Size = 0x200
                0x00000400                        _Min_Stack_Size = 0x400

.isr_vector     0x08000000      0x1d8
                0x08000000                        . = ALIGN (0x4)
 *(.isr_vector)
 .isr_vector    0x08000000      0x1d8 ./Core/Startup/startup_stm32g431rbtx.o
                0x08000000                g_pfnVectors
                0x080001d8                        . = ALIGN (0x4)

.text           0x080001e0     0xedc4
                0x080001e0                        . = ALIGN (0x4)
 *(.text)
 .text          0x080001e0       0x40 C:/ST/STM32CubeIDE_1.12.1/STM32CubeIDE/plugins/com.st.stm32cube.ide.mcu.externaltools.gnu-tools-for-stm32.13.3.rel1.win32_1.0.100.202509120712/tools/bin/../lib/gcc/arm-none-eabi/13.3.1/thumb/v7e-m+fp/hard/crtbegin.o
 .text          0x08000220       0x10 C:/ST/STM32CubeIDE_1.12.1/STM32CubeIDE/plugins/com.st.stm32cube.ide.mcu.externaltools.gnu-tools-for-stm32.13.3.rel1.win32_1.0.100.202509120712/tools/bin/../lib/gcc/arm-none-eabi/13.3.1/../../../../arm-none-eabi/lib/thumb/v7e-m+fp/hard\libc_nano.a(libc_a-strlen.o)
                0x08000220                strlen
 .text          0x08000230       0xa0 C:/ST/STM32CubeIDE_1.12.1/STM32CubeIDE/plugins/com.st.stm32cube.ide.mcu.externaltools.gnu-tools-for-stm32.13.3.rel1.win32_1.0.100.202509120712/tools/bin/../lib/gcc/arm-none-eabi/13.3.1/../../../../arm-none-eabi/lib/thumb/v7e-m+fp/hard\libc_nano.a(libc_a-memchr.o)
                0x08000230                memchr
 .text          0x080002d0       0x30 C:/ST/STM32CubeIDE_1.12.1/STM32CubeIDE/plugins/com.st.stm32cube.ide.mcu.externaltools.gnu-tools-for-stm32.13.3.rel1.win32_1.0.100.202509120712/tools/bin/../lib/gcc/arm-none-eabi/13.3.1/thumb/v7e-m+fp/hard\libgcc.a(_aeabi_uldivmod.o)
                0x080002d0                __aeabi_uldivmod
 .text          0x08000300      0x2f8 C:/ST/STM32CubeIDE_1.12.1/STM32CubeIDE/plugins/com.st.stm32cube.ide.mcu.externaltools.gnu-tools-for-stm32.13.3.rel1.win32_1.0.100.202509120712/tools/bin/../lib/gcc/arm-none-eabi/13.3.1/thumb/v7e-m+fp/hard\libgcc.a(_udivmoddi4.o)
                0x08000300                __udivmoddi4
 .text          0x080005f8        0x4 C:/ST/STM32CubeIDE_1.12.1/STM32CubeIDE/plugins/com.st.stm32cube.ide.mcu.externaltools.gnu-tools-for-stm32.13.3.rel1.win32_1.0.100.202509120712/tools/bin/../lib/gcc/arm-none-eabi/13.3.1/thumb/v7e-m+fp/hard\libgcc.a(_dvmd_tls.o)
                0x080005f8                __aeabi_idiv0
                0x080005f8                __aeabi_ldiv0
 *(.text*)
 .text.CO_getUint8
                0x080005fc       0x1c ./CANopenNode/301/CO_Emergency.o
 .text.CO_setUint8
                0x08000618       0x20 ./CANopenNode/301/CO_Emergency.o
 .text.CO_setUint32
                0x08000638       0x1e ./CANopenNode/301/CO_Emergency.o
 .text.OD_getIndex
                0x08000656       0x22 ./CANopenNode/301/CO_Emergency.o
 .text.OD_extension_init
                0x08000678       0x28 ./CANopenNode/301/CO_Emergency.o
 .text.OD_get_u32
                0x080006a0       0x2a ./CANopenNode/301/CO_Emergency.o
 .text.OD_read_1014_default
                0x080006ca       0x70 ./CANopenNode/301/CO_Emergency.o
 .text.OD_read_1003
                0x0800073a       0xda ./CANopenNode/301/CO_Emergency.o
 .text.OD_write_1003
                0x08000814       0x60 ./CANopenNode/301/CO_Emergency.o
 .text.CO_EM_init
                0x08000874      0x1c0 ./CANopenNode/301/CO_Emergency.o
                0x08000874                CO_EM_init
 .text.CO_EM_process
                0x08000a34      0x296 ./CANopenNode/301/CO_Emergency.o
                0x08000a34                CO_EM_process
 .text.CO_error
                0x08000cca      0x17a ./CANopenNode/301/CO_Emergency.o
                0x08000cca                CO_error
 .text.CO_getUint32
                0x08000e44       0x1c ./CANopenNode/301/CO_HBconsumer.o
 .text.OD_getIndex
                0x08000e60       0x22 ./CANopenNode/301/CO_HBconsumer.o
 .text.OD_extension_init
                0x08000e82       0x28 ./CANopenNode/301/CO_HBconsumer.o
 .text.OD_get_u32
                0x08000eaa       0x2a ./CANopenNode/301/CO_HBconsumer.o
 .text.CO_HBcons_receive
                0x08000ed4       0x3c ./CANopenNode/301/CO_HBconsumer.o
 .text.OD_write_1016
                0x08000f10       0x92 ./CANopenNode/301/CO_HBconsumer.o
 *fill*         0x08000fa2        0x2 
 .text.CO_HBconsumer_init
                0x08000fa4      0x154 ./CANopenNode/301/CO_HBconsumer.o
                0x08000fa4                CO_HBconsumer_init
 .text.CO_HBconsumer_initEntry
                0x080010f8      0x12c ./CANopenNode/301/CO_HBconsumer.o
 .text.CO_HBconsumer_process
                0x08001224      0x1aa ./CANopenNode/301/CO_HBconsumer.o
                0x08001224                CO_HBconsumer_process
 .text.CO_getUint16
                0x080013ce       0x1e ./CANopenNode/301/CO_NMT_Heartbeat.o
 .text.OD_getIndex
                0x080013ec       0x22 ./CANopenNode/301/CO_NMT_Heartbeat.o
 .text.OD_extension_init
                0x0800140e       0x28 ./CANopenNode/301/CO_NMT_Heartbeat.o
 .text.OD_get_u16
                0x08001436       0x2a ./CANopenNode/301/CO_NMT_Heartbeat.o
 .text.CO_isError
                0x08001460       0x4e ./CANopenNode/301/CO_NMT_Heartbeat.o
 .text.CO_getErrorRegister
                0x080014ae       0x2c ./CANopenNode/301/CO_NMT_Heartbeat.o
 .text.CO_NMT_receive
                0x080014da       0x50 ./CANopenNode/301/CO_NMT_Heartbeat.o
 .text.OD_write_1017
                0x0800152a       0x6a ./CANopenNode/301/CO_NMT_Heartbeat.o
 .text.CO_NMT_init
                0x08001594      0x17c ./CANopenNode/301/CO_NMT_Heartbeat.o
                0x08001594                CO_NMT_init
 .text.CO_NMT_process
                0x08001710      0x22e ./CANopenNode/301/CO_NMT_Heartbeat.o
                0x08001710                CO_NMT_process
 .text.OD_readOriginal
                0x0800193e       0xb0 ./CANopenNode/301/CO_ODinterface.o
                0x0800193e                OD_readOriginal
 .text.OD_writeOriginal
                0x080019ee       0xda ./CANopenNode/301/CO_ODinterface.o
                0x080019ee                OD_writeOriginal
 .text.OD_readDisabled
                0x08001ac8       0x1c ./CANopenNode/301/CO_ODinterface.o
 .text.OD_writeDisabled
                0x08001ae4       0x1c ./CANopenNode/301/CO_ODinterface.o
 .text.OD_find  0x08001b00       0xb8 ./CANopenNode/301/CO_ODinterface.o
                0x08001b00                OD_find
 .text.OD_getSub
                0x08001bb8      0x210 ./CANopenNode/301/CO_ODinterface.o
                0x08001bb8                OD_getSub
 .text.OD_getSDOabCode
                0x08001dc8       0x3c ./CANopenNode/301/CO_ODinterface.o
                0x08001dc8                OD_getSDOabCode
 .text.OD_get_value
                0x08001e04       0x7a ./CANopenNode/301/CO_ODinterface.o
                0x08001e04                OD_get_value
 .text.OD_set_value
                0x08001e7e       0x7a ./CANopenNode/301/CO_ODinterface.o
                0x08001e7e                OD_set_value
 .text.OD_getPtr
                0x08001ef8       0x86 ./CANopenNode/301/CO_ODinterface.o
                0x08001ef8                OD_getPtr
 .text.CO_getUint8
                0x08001f7e       0x1c ./CANopenNode/301/CO_PDO.o
 .text.CO_getUint16
                0x08001f9a       0x1e ./CANopenNode/301/CO_PDO.o
 .text.CO_getUint32
                0x08001fb8       0x1c ./CANopenNode/301/CO_PDO.o
 .text.CO_setUint32
                0x08001fd4       0x1e ./CANopenNode/301/CO_PDO.o
 .text.OD_getIndex
                0x08001ff2       0x22 ./CANopenNode/301/CO_PDO.o
 .text.OD_extension_init
                0x08002014       0x28 ./CANopenNode/301/CO_PDO.o
 .text.OD_get_u8
                0x0800203c       0x2a ./CANopenNode/301/CO_PDO.o
 .text.OD_get_u16
                0x08002066       0x2a ./CANopenNode/301/CO_PDO.o
 .text.OD_get_u32
                0x08002090       0x2a ./CANopenNode/301/CO_PDO.o
 .text.OD_write_dummy
                0x080020ba       0x28 ./CANopenNode/301/CO_PDO.o
 .text.OD_read_dummy
                0x080020e2       0x4e ./CANopenNode/301/CO_PDO.o
 .text.PDOconfigMap
                0x08002130      0x17c ./CANopenNode/301/CO_PDO.o
 .text.PDO_initMapping
                0x080022ac      0x154 ./CANopenNode/301/CO_PDO.o
 .text.OD_write_PDO_mapping
                0x08002400      0x132 ./CANopenNode/301/CO_PDO.o
 .text.OD_read_PDO_commParam
                0x08002532       0x9c ./CANopenNode/301/CO_PDO.o
 *fill*         0x080025ce        0x2 
 .text.OD_write_18xx
                0x080025d0      0x2a4 ./CANopenNode/301/CO_PDO.o
 .text.CO_TPDO_init
                0x08002874      0x2e0 ./CANopenNode/301/CO_PDO.o
                0x08002874                CO_TPDO_init
 .text.CO_getUint8
                0x08002b54       0x1c ./CANopenNode/301/CO_SDOserver.o
 .text.CO_getUint32
                0x08002b70       0x1c ./CANopenNode/301/CO_SDOserver.o
 .text.OD_getIndex
                0x08002b8c       0x22 ./CANopenNode/301/CO_SDOserver.o
 .text.OD_extension_init
                0x08002bae       0x28 ./CANopenNode/301/CO_SDOserver.o
 .text.OD_get_u8
                0x08002bd6       0x2a ./CANopenNode/301/CO_SDOserver.o
 .text.OD_get_u32
                0x08002c00       0x2a ./CANopenNode/301/CO_SDOserver.o
 .text.OD_set_u32
                0x08002c2a       0x2a ./CANopenNode/301/CO_SDOserver.o
 .text.CO_SDO_receive
                0x08002c54       0x54 ./CANopenNode/301/CO_SDOserver.o
 .text.CO_SDOserver_init_canRxTx
                0x08002ca8       0xd8 ./CANopenNode/301/CO_SDOserver.o
 .text.OD_write_1201_additional
                0x08002d80      0x224 ./CANopenNode/301/CO_SDOserver.o
 .text.CO_SDOserver_init
                0x08002fa4      0x228 ./CANopenNode/301/CO_SDOserver.o
                0x08002fa4                CO_SDOserver_init
 .text.validateAndWriteToOD
                0x080031cc      0x220 ./CANopenNode/301/CO_SDOserver.o
 .text.readFromOd
                0x080033ec      0x18c ./CANopenNode/301/CO_SDOserver.o
 .text.CO_SDOserver_process
                0x08003578      0xa34 ./CANopenNode/301/CO_SDOserver.o
                0x08003578                CO_SDOserver_process
 .text.CO_getUint8
                0x08003fac       0x1c ./CANopenNode/301/CO_SYNC.o
 .text.CO_getUint32
                0x08003fc8       0x1c ./CANopenNode/301/CO_SYNC.o
 .text.OD_getIndex
                0x08003fe4       0x22 ./CANopenNode/301/CO_SYNC.o
 .text.OD_extension_init
                0x08004006       0x28 ./CANopenNode/301/CO_SYNC.o
 .text.OD_get_u8
                0x0800402e       0x2a ./CANopenNode/301/CO_SYNC.o
 .text.OD_get_u32
                0x08004058       0x2a ./CANopenNode/301/CO_SYNC.o
 .text.CO_SYNC_receive
                0x08004082       0x8c ./CANopenNode/301/CO_SYNC.o
 *fill*         0x0800410e        0x2 
 .text.OD_write_1005
                0x08004110      0x188 ./CANopenNode/301/CO_SYNC.o
 .text.OD_write_1019
                0x08004298       0xbc ./CANopenNode/301/CO_SYNC.o
 .text.CO_SYNC_init
                0x08004354      0x24c ./CANopenNode/301/CO_SYNC.o
                0x08004354                CO_SYNC_init
 .text.CO_getUint16
                0x080045a0       0x1e ./CANopenNode/301/CO_TIME.o
 .text.CO_getUint32
                0x080045be       0x1c ./CANopenNode/301/CO_TIME.o
 .text.OD_getIndex
                0x080045da       0x22 ./CANopenNode/301/CO_TIME.o
 .text.OD_extension_init
                0x080045fc       0x28 ./CANopenNode/301/CO_TIME.o
 .text.OD_get_u32
                0x08004624       0x2a ./CANopenNode/301/CO_TIME.o
 .text.CO_TIME_receive
                0x0800464e       0x3a ./CANopenNode/301/CO_TIME.o
 .text.OD_write_1012
                0x08004688       0xe4 ./CANopenNode/301/CO_TIME.o
 .text.CO_TIME_init
                0x0800476c      0x100 ./CANopenNode/301/CO_TIME.o
                0x0800476c                CO_TIME_init
 .text.CO_TIME_process
                0x0800486c       0xec ./CANopenNode/301/CO_TIME.o
                0x0800486c                CO_TIME_process
 .text.CO_LEDs_init
                0x08004958       0x2e ./CANopenNode/303/CO_LEDs.o
                0x08004958                CO_LEDs_init
 *fill*         0x08004986        0x2 
 .text.CO_LEDs_process
                0x08004988      0x360 ./CANopenNode/303/CO_LEDs.o
                0x08004988                CO_LEDs_process
 .text.CO_LSSslave_receive
                0x08004ce8      0x2c8 ./CANopenNode/305/CO_LSSslave.o
 .text.CO_LSSslave_init
                0x08004fb0       0xec ./CANopenNode/305/CO_LSSslave.o
                0x08004fb0                CO_LSSslave_init
 .text.CO_LSSslave_process
                0x0800509c      0x428 ./CANopenNode/305/CO_LSSslave.o
                0x0800509c                CO_LSSslave_process
 .text.CO_isError
                0x080054c4       0x4e ./CANopenNode/CANopen.o
 .text.CO_getErrorRegister
                0x08005512       0x2c ./CANopenNode/CANopen.o
 .text.CO_NMT_getInternalState
                0x0800553e       0x24 ./CANopenNode/CANopen.o
 .text.CO_LSSslave_getState
                0x08005562       0x22 ./CANopenNode/CANopen.o
 .text.CO_new   0x08005584      0x22a ./CANopenNode/CANopen.o
                0x08005584                CO_new
 .text.CO_delete
                0x080057ae       0xbe ./CANopenNode/CANopen.o
                0x080057ae                CO_delete
 .text.CO_CANinit
                0x0800586c       0x58 ./CANopenNode/CANopen.o
                0x0800586c                CO_CANinit
 .text.CO_LSSinit
                0x080058c4       0x58 ./CANopenNode/CANopen.o
                0x080058c4                CO_LSSinit
 .text.CO_CANopenInit
                0x0800591c      0x288 ./CANopenNode/CANopen.o
                0x0800591c                CO_CANopenInit
 .text.CO_CANopenInitPDO
                0x08005ba4       0xf0 ./CANopenNode/CANopen.o
                0x08005ba4                CO_CANopenInitPDO
 .text.CO_process
                0x08005c94      0x1f0 ./CANopenNode/CANopen.o
                0x08005c94                CO_process
 .text.canopen_app_init
                0x08005e84       0x68 ./CANopenNode_STM32/CO_app_STM32.o
                0x08005e84                canopen_app_init
 .text.canopen_app_resetCommunication
                0x08005eec      0x23c ./CANopenNode_STM32/CO_app_STM32.o
                0x08005eec                canopen_app_resetCommunication
 .text.canopen_app_process
                0x08006128       0xd8 ./CANopenNode_STM32/CO_app_STM32.o
                0x08006128                canopen_app_process
 .text.CO_CANsetConfigurationMode
                0x08006200       0x20 ./CANopenNode_STM32/CO_driver_STM32.o
                0x08006200                CO_CANsetConfigurationMode
 .text.CO_CANsetNormalMode
                0x08006220       0x30 ./CANopenNode_STM32/CO_driver_STM32.o
                0x08006220                CO_CANsetNormalMode
 .text.CO_CANmodule_init
                0x08006250      0x154 ./CANopenNode_STM32/CO_driver_STM32.o
                0x08006250                CO_CANmodule_init
 .text.CO_CANmodule_disable
                0x080063a4       0x2a ./CANopenNode_STM32/CO_driver_STM32.o
                0x080063a4                CO_CANmodule_disable
 *fill*         0x080063ce        0x2 
 .text.CO_CANrxBufferInit
                0x080063d0       0xbc ./CANopenNode_STM32/CO_driver_STM32.o
                0x080063d0                CO_CANrxBufferInit
 .text.CO_CANtxBufferInit
                0x0800648c       0x74 ./CANopenNode_STM32/CO_driver_STM32.o
                0x0800648c                CO_CANtxBufferInit
 .text.prv_send_can_message
                0x08006500      0x108 ./CANopenNode_STM32/CO_driver_STM32.o
 .text.CO_CANsend
                0x08006608       0x86 ./CANopenNode_STM32/CO_driver_STM32.o
                0x08006608                CO_CANsend
 .text.CO_CANmodule_process
                0x0800668e       0x90 ./CANopenNode_STM32/CO_driver_STM32.o
                0x0800668e                CO_CANmodule_process
 *fill*         0x0800671e        0x2 
 .text.MX_ADC1_Init
                0x08006720       0xf0 ./Core/Src/adc.o
                0x08006720                MX_ADC1_Init
 .text.HAL_ADC_MspInit
                0x08006810       0xdc ./Core/Src/adc.o
                0x08006810                HAL_ADC_MspInit
 .text.MX_FDCAN1_Init
                0x080068ec       0x8c ./Core/Src/fdcan.o
                0x080068ec                MX_FDCAN1_Init
 .text.HAL_FDCAN_MspInit
                0x08006978       0xb8 ./Core/Src/fdcan.o
                0x08006978                HAL_FDCAN_MspInit
 .text.MX_GPIO_Init
                0x08006a30      0x178 ./Core/Src/gpio.o
                0x08006a30                MX_GPIO_Init
 .text.__io_putchar
                0x08006ba8       0x24 ./Core/Src/main.o
                0x08006ba8                __io_putchar
 .text.main     0x08006bcc      0x1b4 ./Core/Src/main.o
                0x08006bcc                main
 .text.SystemClock_Config
                0x08006d80       0x96 ./Core/Src/main.o
                0x08006d80                SystemClock_Config
 .text.Error_Handler
                0x08006e16        0xc ./Core/Src/main.o
                0x08006e16                Error_Handler
 *fill*         0x08006e22        0x2 
 .text.HAL_MspInit
                0x08006e24       0x48 ./Core/Src/stm32g4xx_hal_msp.o
                0x08006e24                HAL_MspInit
 .text.NMI_Handler
                0x08006e6c        0x8 ./Core/Src/stm32g4xx_it.o
                0x08006e6c                NMI_Handler
 .text.HardFault_Handler
                0x08006e74        0x8 ./Core/Src/stm32g4xx_it.o
                0x08006e74                HardFault_Handler
 .text.MemManage_Handler
                0x08006e7c        0x8 ./Core/Src/stm32g4xx_it.o
                0x08006e7c                MemManage_Handler
 .text.BusFault_Handler
                0x08006e84        0x8 ./Core/Src/stm32g4xx_it.o
                0x08006e84                BusFault_Handler
 .text.UsageFault_Handler
                0x08006e8c        0x8 ./Core/Src/stm32g4xx_it.o
                0x08006e8c                UsageFault_Handler
 .text.SVC_Handler
                0x08006e94        0xe ./Core/Src/stm32g4xx_it.o
                0x08006e94                SVC_Handler
 .text.DebugMon_Handler
                0x08006ea2        0xe ./Core/Src/stm32g4xx_it.o
                0x08006ea2                DebugMon_Handler
 .text.PendSV_Handler
                0x08006eb0        0xe ./Core/Src/stm32g4xx_it.o
                0x08006eb0                PendSV_Handler
 .text.SysTick_Handler
                0x08006ebe        0xc ./Core/Src/stm32g4xx_it.o
                0x08006ebe                SysTick_Handler
 *fill*         0x08006eca        0x2 
 .text.TIM2_IRQHandler
                0x08006ecc       0x3c ./Core/Src/stm32g4xx_it.o
                0x08006ecc                TIM2_IRQHandler
 .text.USART3_IRQHandler
                0x08006f08       0x14 ./Core/Src/stm32g4xx_it.o
                0x08006f08                USART3_IRQHandler
 .text.TIM6_DAC_IRQHandler
                0x08006f1c       0x14 ./Core/Src/stm32g4xx_it.o
                0x08006f1c                TIM6_DAC_IRQHandler
 .text._read    0x08006f30       0x3a ./Core/Src/syscalls.o
                0x08006f30                _read
 .text._write   0x08006f6a       0x38 ./Core/Src/syscalls.o
                0x08006f6a                _write
 .text._close   0x08006fa2       0x18 ./Core/Src/syscalls.o
                0x08006fa2                _close
 .text._fstat   0x08006fba       0x20 ./Core/Src/syscalls.o
                0x08006fba                _fstat
 .text._isatty  0x08006fda       0x16 ./Core/Src/syscalls.o
                0x08006fda                _isatty
 .text._lseek   0x08006ff0       0x1a ./Core/Src/syscalls.o
                0x08006ff0                _lseek
 *fill*         0x0800700a        0x2 
 .text._sbrk    0x0800700c       0x6c ./Core/Src/sysmem.o
                0x0800700c                _sbrk
 .text.SystemInit
                0x08007078       0x24 ./Core/Src/system_stm32g4xx.o
                0x08007078                SystemInit
 .text.MX_TIM1_Init
                0x0800709c      0x140 ./Core/Src/tim.o
                0x0800709c                MX_TIM1_Init
 .text.MX_TIM2_Init
                0x080071dc       0x9c ./Core/Src/tim.o
                0x080071dc                MX_TIM2_Init
 .text.MX_TIM3_Init
                0x08007278       0xac ./Core/Src/tim.o
                0x08007278                MX_TIM3_Init
 .text.MX_TIM4_Init
                0x08007324       0xac ./Core/Src/tim.o
                0x08007324                MX_TIM4_Init
 .text.MX_TIM6_Init
                0x080073d0       0x6c ./Core/Src/tim.o
                0x080073d0                MX_TIM6_Init
 .text.HAL_TIM_PWM_MspInit
                0x0800743c       0x40 ./Core/Src/tim.o
                0x0800743c                HAL_TIM_PWM_MspInit
 .text.HAL_TIM_Base_MspInit
                0x0800747c       0x80 ./Core/Src/tim.o
                0x0800747c                HAL_TIM_Base_MspInit
 .text.HAL_TIM_Encoder_MspInit
                0x080074fc       0xe8 ./Core/Src/tim.o
                0x080074fc                HAL_TIM_Encoder_MspInit
 .text.HAL_TIM_MspPostInit
                0x080075e4       0xa8 ./Core/Src/tim.o
                0x080075e4                HAL_TIM_MspPostInit
 .text.MX_UART4_Init
                0x0800768c       0x98 ./Core/Src/usart.o
                0x0800768c                MX_UART4_Init
 .text.MX_USART3_UART_Init
                0x08007724       0x9c ./Core/Src/usart.o
                0x08007724                MX_USART3_UART_Init
 .text.HAL_UART_MspInit
                0x080077c0      0x144 ./Core/Src/usart.o
                0x080077c0                HAL_UART_MspInit
 .text.Reset_Handler
                0x08007904       0x50 ./Core/Startup/startup_stm32g431rbtx.o
                0x08007904                Reset_Handler
 .text.Default_Handler
                0x08007954        0x2 ./Core/Startup/startup_stm32g431rbtx.o
                0x08007954                RTC_Alarm_IRQHandler
                0x08007954                EXTI2_IRQHandler
                0x08007954                TIM8_TRG_COM_IRQHandler
                0x08007954                TIM8_CC_IRQHandler
                0x08007954                TIM1_CC_IRQHandler
                0x08007954                USB_HP_IRQHandler
                0x08007954                CORDIC_IRQHandler
                0x08007954                EXTI3_IRQHandler
                0x08007954                I2C3_ER_IRQHandler
                0x08007954                EXTI0_IRQHandler
                0x08007954                I2C2_EV_IRQHandler
                0x08007954                FPU_IRQHandler
                0x08007954                FDCAN1_IT1_IRQHandler
                0x08007954                TIM1_UP_TIM16_IRQHandler
                0x08007954                ADC1_2_IRQHandler
                0x08007954                SPI1_IRQHandler
                0x08007954                TIM8_UP_IRQHandler
                0x08007954                DMA2_Channel2_IRQHandler
                0x08007954                DMA1_Channel4_IRQHandler
                0x08007954                TIM4_IRQHandler
                0x08007954                DMA2_Channel1_IRQHandler
                0x08007954                I2C1_EV_IRQHandler
                0x08007954                DMA1_Channel6_IRQHandler
                0x08007954                UART4_IRQHandler
                0x08007954                DMA2_Channel4_IRQHandler
                0x08007954                TIM3_IRQHandler
                0x08007954                RCC_IRQHandler
                0x08007954                DMA1_Channel1_IRQHandler
                0x08007954                Default_Handler
                0x08007954                RTC_TAMP_LSECSS_IRQHandler
                0x08007954                FMAC_IRQHandler
                0x08007954                EXTI15_10_IRQHandler
                0x08007954                TIM7_IRQHandler
                0x08007954                UCPD1_IRQHandler
                0x08007954                I2C3_EV_IRQHandler
                0x08007954                EXTI9_5_IRQHandler
                0x08007954                RTC_WKUP_IRQHandler
                0x08007954                PVD_PVM_IRQHandler
                0x08007954                SPI2_IRQHandler
                0x08007954                DMA2_Channel5_IRQHandler
                0x08007954                CRS_IRQHandler
                0x08007954                DMA1_Channel5_IRQHandler
                0x08007954                USB_LP_IRQHandler
                0x08007954                EXTI4_IRQHandler
                0x08007954                RNG_IRQHandler
                0x08007954                TIM1_TRG_COM_TIM17_IRQHandler
                0x08007954                DMA1_Channel3_IRQHandler
                0x08007954                WWDG_IRQHandler
                0x08007954                LPUART1_IRQHandler
                0x08007954                DMA2_Channel6_IRQHandler
                0x08007954                FDCAN1_IT0_IRQHandler
                0x08007954                COMP1_2_3_IRQHandler
                0x08007954                EXTI1_IRQHandler
                0x08007954                USART2_IRQHandler
                0x08007954                I2C2_ER_IRQHandler
                0x08007954                DMA1_Channel2_IRQHandler
                0x08007954                TIM8_BRK_IRQHandler
                0x08007954                FLASH_IRQHandler
                0x08007954                USART1_IRQHandler
                0x08007954                SPI3_IRQHandler
                0x08007954                I2C1_ER_IRQHandler
                0x08007954                LPTIM1_IRQHandler
                0x08007954                DMAMUX_OVR_IRQHandler
                0x08007954                USBWakeUp_IRQHandler
                0x08007954                SAI1_IRQHandler
                0x08007954                DMA2_Channel3_IRQHandler
                0x08007954                COMP4_IRQHandler
                0x08007954                TIM1_BRK_TIM15_IRQHandler
 .text.HAL_Init
                0x08007956       0x30 ./Drivers/STM32G4xx_HAL_Driver/Src/stm32g4xx_hal.o
                0x08007956                HAL_Init
 *fill*         0x08007986        0x2 
 .text.HAL_InitTick
                0x08007988       0x74 ./Drivers/STM32G4xx_HAL_Driver/Src/stm32g4xx_hal.o
                0x08007988                HAL_InitTick
 .text.HAL_IncTick
                0x080079fc       0x24 ./Drivers/STM32G4xx_HAL_Driver/Src/stm32g4xx_hal.o
                0x080079fc                HAL_IncTick
 .text.HAL_GetTick
                0x08007a20       0x18 ./Drivers/STM32G4xx_HAL_Driver/Src/stm32g4xx_hal.o
                0x08007a20                HAL_GetTick
 .text.HAL_Delay
                0x08007a38       0x44 ./Drivers/STM32G4xx_HAL_Driver/Src/stm32g4xx_hal.o
                0x08007a38                HAL_Delay
 .text.LL_ADC_SetCommonClock
                0x08007a7c       0x26 ./Drivers/STM32G4xx_HAL_Driver/Src/stm32g4xx_hal_adc.o
 .text.LL_ADC_SetCommonPathInternalCh
                0x08007aa2       0x26 ./Drivers/STM32G4xx_HAL_Driver/Src/stm32g4xx_hal_adc.o
 .text.LL_ADC_GetCommonPathInternalCh
                0x08007ac8       0x1c ./Drivers/STM32G4xx_HAL_Driver/Src/stm32g4xx_hal_adc.o
 .text.LL_ADC_SetOffset
                0x08007ae4       0x48 ./Drivers/STM32G4xx_HAL_Driver/Src/stm32g4xx_hal_adc.o
 .text.LL_ADC_GetOffsetChannel
                0x08007b2c       0x2c ./Drivers/STM32G4xx_HAL_Driver/Src/stm32g4xx_hal_adc.o
 .text.LL_ADC_SetOffsetState
                0x08007b58       0x36 ./Drivers/STM32G4xx_HAL_Driver/Src/stm32g4xx_hal_adc.o
 .text.LL_ADC_SetOffsetSign
                0x08007b8e       0x36 ./Drivers/STM32G4xx_HAL_Driver/Src/stm32g4xx_hal_adc.o
 .text.LL_ADC_SetOffsetSaturation
                0x08007bc4       0x36 ./Drivers/STM32G4xx_HAL_Driver/Src/stm32g4xx_hal_adc.o
 .text.LL_ADC_SetSamplingTimeCommonConfig
                0x08007bfa       0x26 ./Drivers/STM32G4xx_HAL_Driver/Src/stm32g4xx_hal_adc.o
 .text.LL_ADC_REG_SetSequencerRanks
                0x08007c20       0x58 ./Drivers/STM32G4xx_HAL_Driver/Src/stm32g4xx_hal_adc.o
 .text.LL_ADC_SetChannelSamplingTime
                0x08007c78       0x56 ./Drivers/STM32G4xx_HAL_Driver/Src/stm32g4xx_hal_adc.o
 *fill*         0x08007cce        0x2 
 .text.LL_ADC_SetChannelSingleDiff
                0x08007cd0       0x48 ./Drivers/STM32G4xx_HAL_Driver/Src/stm32g4xx_hal_adc.o
 .text.LL_ADC_DisableDeepPowerDown
                0x08007d18       0x24 ./Drivers/STM32G4xx_HAL_Driver/Src/stm32g4xx_hal_adc.o
 .text.LL_ADC_IsDeepPowerDownEnabled
                0x08007d3c       0x28 ./Drivers/STM32G4xx_HAL_Driver/Src/stm32g4xx_hal_adc.o
 .text.LL_ADC_EnableInternalRegulator
                0x08007d64       0x28 ./Drivers/STM32G4xx_HAL_Driver/Src/stm32g4xx_hal_adc.o
 .text.LL_ADC_IsInternalRegulatorEnabled
                0x08007d8c       0x28 ./Drivers/STM32G4xx_HAL_Driver/Src/stm32g4xx_hal_adc.o
 .text.LL_ADC_IsEnabled
                0x08007db4       0x26 ./Drivers/STM32G4xx_HAL_Driver/Src/stm32g4xx_hal_adc.o
 .text.LL_ADC_REG_IsConversionOngoing
                0x08007dda       0x26 ./Drivers/STM32G4xx_HAL_Driver/Src/stm32g4xx_hal_adc.o
 .text.LL_ADC_INJ_IsConversionOngoing
                0x08007e00       0x26 ./Drivers/STM32G4xx_HAL_Driver/Src/stm32g4xx_hal_adc.o
 *fill*         0x08007e26        0x2 
 .text.HAL_ADC_Init
                0x08007e28      0x308 ./Drivers/STM32G4xx_HAL_Driver/Src/stm32g4xx_hal_adc.o
                0x08007e28                HAL_ADC_Init
 .text.HAL_ADC_ConfigChannel
                0x08008130      0x7e0 ./Drivers/STM32G4xx_HAL_Driver/Src/stm32g4xx_hal_adc.o
                0x08008130                HAL_ADC_ConfigChannel
 .text.LL_ADC_IsEnabled
                0x08008910       0x26 ./Drivers/STM32G4xx_HAL_Driver/Src/stm32g4xx_hal_adc_ex.o
 .text.LL_ADC_REG_IsConversionOngoing
                0x08008936       0x26 ./Drivers/STM32G4xx_HAL_Driver/Src/stm32g4xx_hal_adc_ex.o
 .text.HAL_ADCEx_MultiModeConfigChannel
                0x0800895c      0x148 ./Drivers/STM32G4xx_HAL_Driver/Src/stm32g4xx_hal_adc_ex.o
                0x0800895c                HAL_ADCEx_MultiModeConfigChannel
 .text.__NVIC_SetPriorityGrouping
                0x08008aa4       0x48 ./Drivers/STM32G4xx_HAL_Driver/Src/stm32g4xx_hal_cortex.o
 .text.__NVIC_GetPriorityGrouping
                0x08008aec       0x1c ./Drivers/STM32G4xx_HAL_Driver/Src/stm32g4xx_hal_cortex.o
 .text.__NVIC_EnableIRQ
                0x08008b08       0x3c ./Drivers/STM32G4xx_HAL_Driver/Src/stm32g4xx_hal_cortex.o
 .text.__NVIC_SetPriority
                0x08008b44       0x54 ./Drivers/STM32G4xx_HAL_Driver/Src/stm32g4xx_hal_cortex.o
 .text.NVIC_EncodePriority
                0x08008b98       0x66 ./Drivers/STM32G4xx_HAL_Driver/Src/stm32g4xx_hal_cortex.o
 *fill*         0x08008bfe        0x2 
 .text.__NVIC_SystemReset
                0x08008c00       0x2c ./Drivers/STM32G4xx_HAL_Driver/Src/stm32g4xx_hal_cortex.o
 .text.SysTick_Config
                0x08008c2c       0x44 ./Drivers/STM32G4xx_HAL_Driver/Src/stm32g4xx_hal_cortex.o
 .text.HAL_NVIC_SetPriorityGrouping
                0x08008c70       0x16 ./Drivers/STM32G4xx_HAL_Driver/Src/stm32g4xx_hal_cortex.o
                0x08008c70                HAL_NVIC_SetPriorityGrouping
 .text.HAL_NVIC_SetPriority
                0x08008c86       0x34 ./Drivers/STM32G4xx_HAL_Driver/Src/stm32g4xx_hal_cortex.o
                0x08008c86                HAL_NVIC_SetPriority
 .text.HAL_NVIC_EnableIRQ
                0x08008cba       0x1c ./Drivers/STM32G4xx_HAL_Driver/Src/stm32g4xx_hal_cortex.o
                0x08008cba                HAL_NVIC_EnableIRQ
 .text.HAL_NVIC_SystemReset
                0x08008cd6        0x8 ./Drivers/STM32G4xx_HAL_Driver/Src/stm32g4xx_hal_cortex.o
                0x08008cd6                HAL_NVIC_SystemReset
 .text.HAL_SYSTICK_Config
                0x08008cde       0x18 ./Drivers/STM32G4xx_HAL_Driver/Src/stm32g4xx_hal_cortex.o
                0x08008cde                HAL_SYSTICK_Config
 .text.HAL_DMA_Abort
                0x08008cf6       0xbc ./Drivers/STM32G4xx_HAL_Driver/Src/stm32g4xx_hal_dma.o
                0x08008cf6                HAL_DMA_Abort
 .text.HAL_DMA_Abort_IT
                0x08008db2       0xce ./Drivers/STM32G4xx_HAL_Driver/Src/stm32g4xx_hal_dma.o
                0x08008db2                HAL_DMA_Abort_IT
 .text.HAL_FDCAN_Init
                0x08008e80      0x2b4 ./Drivers/STM32G4xx_HAL_Driver/Src/stm32g4xx_hal_fdcan.o
                0x08008e80                HAL_FDCAN_Init
 .text.HAL_FDCAN_ConfigGlobalFilter
                0x08009134       0x62 ./Drivers/STM32G4xx_HAL_Driver/Src/stm32g4xx_hal_fdcan.o
                0x08009134                HAL_FDCAN_ConfigGlobalFilter
 .text.HAL_FDCAN_Start
                0x08009196       0x50 ./Drivers/STM32G4xx_HAL_Driver/Src/stm32g4xx_hal_fdcan.o
                0x08009196                HAL_FDCAN_Start
 .text.HAL_FDCAN_Stop
                0x080091e6       0xe4 ./Drivers/STM32G4xx_HAL_Driver/Src/stm32g4xx_hal_fdcan.o
                0x080091e6                HAL_FDCAN_Stop
 .text.HAL_FDCAN_AddMessageToTxFifoQ
                0x080092ca       0x88 ./Drivers/STM32G4xx_HAL_Driver/Src/stm32g4xx_hal_fdcan.o
                0x080092ca                HAL_FDCAN_AddMessageToTxFifoQ
 .text.HAL_FDCAN_GetTxFifoFreeLevel
                0x08009352       0x24 ./Drivers/STM32G4xx_HAL_Driver/Src/stm32g4xx_hal_fdcan.o
                0x08009352                HAL_FDCAN_GetTxFifoFreeLevel
 .text.HAL_FDCAN_ActivateNotification
                0x08009376      0x1cc ./Drivers/STM32G4xx_HAL_Driver/Src/stm32g4xx_hal_fdcan.o
                0x08009376                HAL_FDCAN_ActivateNotification
 *fill*         0x08009542        0x2 
 .text.FDCAN_CalcultateRamBlockAddresses
                0x08009544       0xac ./Drivers/STM32G4xx_HAL_Driver/Src/stm32g4xx_hal_fdcan.o
 .text.FDCAN_CopyMessageToRAM
                0x080095f0       0xf8 ./Drivers/STM32G4xx_HAL_Driver/Src/stm32g4xx_hal_fdcan.o
 .text.HAL_GPIO_Init
                0x080096e8      0x318 ./Drivers/STM32G4xx_HAL_Driver/Src/stm32g4xx_hal_gpio.o
                0x080096e8                HAL_GPIO_Init
 .text.HAL_GPIO_WritePin
                0x08009a00       0x30 ./Drivers/STM32G4xx_HAL_Driver/Src/stm32g4xx_hal_gpio.o
                0x08009a00                HAL_GPIO_WritePin
 .text.HAL_PWREx_ControlVoltageScaling
                0x08009a30      0x148 ./Drivers/STM32G4xx_HAL_Driver/Src/stm32g4xx_hal_pwr_ex.o
                0x08009a30                HAL_PWREx_ControlVoltageScaling
 .text.HAL_PWREx_DisableUCPDDeadBattery
                0x08009b78       0x20 ./Drivers/STM32G4xx_HAL_Driver/Src/stm32g4xx_hal_pwr_ex.o
                0x08009b78                HAL_PWREx_DisableUCPDDeadBattery
 .text.HAL_RCC_OscConfig
                0x08009b98      0x624 ./Drivers/STM32G4xx_HAL_Driver/Src/stm32g4xx_hal_rcc.o
                0x08009b98                HAL_RCC_OscConfig
 .text.HAL_RCC_ClockConfig
                0x0800a1bc      0x278 ./Drivers/STM32G4xx_HAL_Driver/Src/stm32g4xx_hal_rcc.o
                0x0800a1bc                HAL_RCC_ClockConfig
 .text.HAL_RCC_GetSysClockFreq
                0x0800a434       0xc4 ./Drivers/STM32G4xx_HAL_Driver/Src/stm32g4xx_hal_rcc.o
                0x0800a434                HAL_RCC_GetSysClockFreq
 .text.HAL_RCC_GetHCLKFreq
                0x0800a4f8       0x18 ./Drivers/STM32G4xx_HAL_Driver/Src/stm32g4xx_hal_rcc.o
                0x0800a4f8                HAL_RCC_GetHCLKFreq
 .text.HAL_RCC_GetPCLK1Freq
                0x0800a510       0x2c ./Drivers/STM32G4xx_HAL_Driver/Src/stm32g4xx_hal_rcc.o
                0x0800a510                HAL_RCC_GetPCLK1Freq
 .text.HAL_RCC_GetPCLK2Freq
                0x0800a53c       0x2c ./Drivers/STM32G4xx_HAL_Driver/Src/stm32g4xx_hal_rcc.o
                0x0800a53c                HAL_RCC_GetPCLK2Freq
 .text.RCC_GetSysClockFreqFromPLLSource
                0x0800a568       0x8c ./Drivers/STM32G4xx_HAL_Driver/Src/stm32g4xx_hal_rcc.o
 .text.HAL_RCCEx_PeriphCLKConfig
                0x0800a5f4      0x3e0 ./Drivers/STM32G4xx_HAL_Driver/Src/stm32g4xx_hal_rcc_ex.o
                0x0800a5f4                HAL_RCCEx_PeriphCLKConfig
 .text.HAL_TIM_Base_Init
                0x0800a9d4       0xae ./Drivers/STM32G4xx_HAL_Driver/Src/stm32g4xx_hal_tim.o
                0x0800a9d4                HAL_TIM_Base_Init
 *fill*         0x0800aa82        0x2 
 .text.HAL_TIM_Base_Start_IT
                0x0800aa84       0xd4 ./Drivers/STM32G4xx_HAL_Driver/Src/stm32g4xx_hal_tim.o
                0x0800aa84                HAL_TIM_Base_Start_IT
 .text.HAL_TIM_Base_Stop_IT
                0x0800ab58       0x60 ./Drivers/STM32G4xx_HAL_Driver/Src/stm32g4xx_hal_tim.o
                0x0800ab58                HAL_TIM_Base_Stop_IT
 .text.HAL_TIM_PWM_Init
                0x0800abb8       0xae ./Drivers/STM32G4xx_HAL_Driver/Src/stm32g4xx_hal_tim.o
                0x0800abb8                HAL_TIM_PWM_Init
 .text.HAL_TIM_Encoder_Init
                0x0800ac66      0x14c ./Drivers/STM32G4xx_HAL_Driver/Src/stm32g4xx_hal_tim.o
                0x0800ac66                HAL_TIM_Encoder_Init
 .text.HAL_TIM_Encoder_Start
                0x0800adb2      0x11c ./Drivers/STM32G4xx_HAL_Driver/Src/stm32g4xx_hal_tim.o
                0x0800adb2                HAL_TIM_Encoder_Start
 .text.HAL_TIM_IRQHandler
                0x0800aece      0x29e ./Drivers/STM32G4xx_HAL_Driver/Src/stm32g4xx_hal_tim.o
                0x0800aece                HAL_TIM_IRQHandler
 .text.HAL_TIM_PWM_ConfigChannel
                0x0800b16c      0x228 ./Drivers/STM32G4xx_HAL_Driver/Src/stm32g4xx_hal_tim.o
                0x0800b16c                HAL_TIM_PWM_ConfigChannel
 .text.HAL_TIM_ConfigClockSource
                0x0800b394      0x1f4 ./Drivers/STM32G4xx_HAL_Driver/Src/stm32g4xx_hal_tim.o
                0x0800b394                HAL_TIM_ConfigClockSource
 .text.HAL_TIM_PeriodElapsedCallback
                0x0800b588       0x14 ./Drivers/STM32G4xx_HAL_Driver/Src/stm32g4xx_hal_tim.o
                0x0800b588                HAL_TIM_PeriodElapsedCallback
 .text.HAL_TIM_OC_DelayElapsedCallback
                0x0800b59c       0x14 ./Drivers/STM32G4xx_HAL_Driver/Src/stm32g4xx_hal_tim.o
                0x0800b59c                HAL_TIM_OC_DelayElapsedCallback
 .text.HAL_TIM_IC_CaptureCallback
                0x0800b5b0       0x14 ./Drivers/STM32G4xx_HAL_Driver/Src/stm32g4xx_hal_tim.o
                0x0800b5b0                HAL_TIM_IC_CaptureCallback
 .text.HAL_TIM_PWM_PulseFinishedCallback
                0x0800b5c4       0x14 ./Drivers/STM32G4xx_HAL_Driver/Src/stm32g4xx_hal_tim.o
                0x0800b5c4                HAL_TIM_PWM_PulseFinishedCallback
 .text.HAL_TIM_TriggerCallback
                0x0800b5d8       0x14 ./Drivers/STM32G4xx_HAL_Driver/Src/stm32g4xx_hal_tim.o
                0x0800b5d8                HAL_TIM_TriggerCallback
 .text.TIM_Base_SetConfig
                0x0800b5ec      0x12c ./Drivers/STM32G4xx_HAL_Driver/Src/stm32g4xx_hal_tim.o
                0x0800b5ec                TIM_Base_SetConfig
 .text.TIM_OC1_SetConfig
                0x0800b718      0x124 ./Drivers/STM32G4xx_HAL_Driver/Src/stm32g4xx_hal_tim.o
 .text.TIM_OC2_SetConfig
                0x0800b83c      0x118 ./Drivers/STM32G4xx_HAL_Driver/Src/stm32g4xx_hal_tim.o
                0x0800b83c                TIM_OC2_SetConfig
 .text.TIM_OC3_SetConfig
                0x0800b954      0x114 ./Drivers/STM32G4xx_HAL_Driver/Src/stm32g4xx_hal_tim.o
 .text.TIM_OC4_SetConfig
                0x0800ba68      0x118 ./Drivers/STM32G4xx_HAL_Driver/Src/stm32g4xx_hal_tim.o
 .text.TIM_OC5_SetConfig
                0x0800bb80       0xc8 ./Drivers/STM32G4xx_HAL_Driver/Src/stm32g4xx_hal_tim.o
 .text.TIM_OC6_SetConfig
                0x0800bc48       0xcc ./Drivers/STM32G4xx_HAL_Driver/Src/stm32g4xx_hal_tim.o
 .text.TIM_TI1_ConfigInputStage
                0x0800bd14       0xa8 ./Drivers/STM32G4xx_HAL_Driver/Src/stm32g4xx_hal_tim.o
 .text.TIM_TI2_ConfigInputStage
                0x0800bdbc       0x84 ./Drivers/STM32G4xx_HAL_Driver/Src/stm32g4xx_hal_tim.o
 .text.TIM_ITRx_SetConfig
                0x0800be40       0x3a ./Drivers/STM32G4xx_HAL_Driver/Src/stm32g4xx_hal_tim.o
 .text.TIM_ETR_SetConfig
                0x0800be7a       0x40 ./Drivers/STM32G4xx_HAL_Driver/Src/stm32g4xx_hal_tim.o
                0x0800be7a                TIM_ETR_SetConfig
 .text.TIM_CCxChannelCmd
                0x0800beba       0x4a ./Drivers/STM32G4xx_HAL_Driver/Src/stm32g4xx_hal_tim.o
                0x0800beba                TIM_CCxChannelCmd
 .text.HAL_TIMEx_PWMN_Start
                0x0800bf04      0x168 ./Drivers/STM32G4xx_HAL_Driver/Src/stm32g4xx_hal_tim_ex.o
                0x0800bf04                HAL_TIMEx_PWMN_Start
 .text.HAL_TIMEx_MasterConfigSynchronization
                0x0800c06c      0x104 ./Drivers/STM32G4xx_HAL_Driver/Src/stm32g4xx_hal_tim_ex.o
                0x0800c06c                HAL_TIMEx_MasterConfigSynchronization
 .text.HAL_TIMEx_ConfigBreakDeadTime
                0x0800c170      0x118 ./Drivers/STM32G4xx_HAL_Driver/Src/stm32g4xx_hal_tim_ex.o
                0x0800c170                HAL_TIMEx_ConfigBreakDeadTime
 .text.HAL_TIMEx_CommutCallback
                0x0800c288       0x14 ./Drivers/STM32G4xx_HAL_Driver/Src/stm32g4xx_hal_tim_ex.o
                0x0800c288                HAL_TIMEx_CommutCallback
 .text.HAL_TIMEx_BreakCallback
                0x0800c29c       0x14 ./Drivers/STM32G4xx_HAL_Driver/Src/stm32g4xx_hal_tim_ex.o
                0x0800c29c                HAL_TIMEx_BreakCallback
 .text.HAL_TIMEx_Break2Callback
                0x0800c2b0       0x14 ./Drivers/STM32G4xx_HAL_Driver/Src/stm32g4xx_hal_tim_ex.o
                0x0800c2b0                HAL_TIMEx_Break2Callback
 .text.HAL_TIMEx_EncoderIndexCallback
                0x0800c2c4       0x14 ./Drivers/STM32G4xx_HAL_Driver/Src/stm32g4xx_hal_tim_ex.o
                0x0800c2c4                HAL_TIMEx_EncoderIndexCallback
 .text.HAL_TIMEx_DirectionChangeCallback
                0x0800c2d8       0x14 ./Drivers/STM32G4xx_HAL_Driver/Src/stm32g4xx_hal_tim_ex.o
                0x0800c2d8                HAL_TIMEx_DirectionChangeCallback
 .text.HAL_TIMEx_IndexErrorCallback
                0x0800c2ec       0x14 ./Drivers/STM32G4xx_HAL_Driver/Src/stm32g4xx_hal_tim_ex.o
                0x0800c2ec                HAL_TIMEx_IndexErrorCallback
 .text.HAL_TIMEx_TransitionErrorCallback
                0x0800c300       0x14 ./Drivers/STM32G4xx_HAL_Driver/Src/stm32g4xx_hal_tim_ex.o
                0x0800c300                HAL_TIMEx_TransitionErrorCallback
 .text.TIM_CCxNChannelCmd
                0x0800c314       0x4a ./Drivers/STM32G4xx_HAL_Driver/Src/stm32g4xx_hal_tim_ex.o
 .text.HAL_UART_Init
                0x0800c35e       0xa0 ./Drivers/STM32G4xx_HAL_Driver/Src/stm32g4xx_hal_uart.o
                0x0800c35e                HAL_UART_Init
 .text.HAL_UART_Transmit
                0x0800c3fe      0x132 ./Drivers/STM32G4xx_HAL_Driver/Src/stm32g4xx_hal_uart.o
                0x0800c3fe                HAL_UART_Transmit
 .text.HAL_UART_IRQHandler
                0x0800c530      0x684 ./Drivers/STM32G4xx_HAL_Driver/Src/stm32g4xx_hal_uart.o
                0x0800c530                HAL_UART_IRQHandler
 .text.HAL_UART_TxCpltCallback
                0x0800cbb4       0x14 ./Drivers/STM32G4xx_HAL_Driver/Src/stm32g4xx_hal_uart.o
                0x0800cbb4                HAL_UART_TxCpltCallback
 .text.HAL_UART_ErrorCallback
                0x0800cbc8       0x14 ./Drivers/STM32G4xx_HAL_Driver/Src/stm32g4xx_hal_uart.o
                0x0800cbc8                HAL_UART_ErrorCallback
 .text.HAL_UARTEx_RxEventCallback
                0x0800cbdc       0x18 ./Drivers/STM32G4xx_HAL_Driver/Src/stm32g4xx_hal_uart.o
                0x0800cbdc                HAL_UARTEx_RxEventCallback
 .text.UART_SetConfig
                0x0800cbf4      0x598 ./Drivers/STM32G4xx_HAL_Driver/Src/stm32g4xx_hal_uart.o
                0x0800cbf4                UART_SetConfig
 .text.UART_AdvFeatureConfig
                0x0800d18c      0x144 ./Drivers/STM32G4xx_HAL_Driver/Src/stm32g4xx_hal_uart.o
                0x0800d18c                UART_AdvFeatureConfig
 .text.UART_CheckIdleState
                0x0800d2d0      0x154 ./Drivers/STM32G4xx_HAL_Driver/Src/stm32g4xx_hal_uart.o
                0x0800d2d0                UART_CheckIdleState
 .text.UART_WaitOnFlagUntilTimeout
                0x0800d424       0xda ./Drivers/STM32G4xx_HAL_Driver/Src/stm32g4xx_hal_uart.o
                0x0800d424                UART_WaitOnFlagUntilTimeout
 .text.UART_EndRxTransfer
                0x0800d4fe       0xcc ./Drivers/STM32G4xx_HAL_Driver/Src/stm32g4xx_hal_uart.o
 .text.UART_DMAAbortOnError
                0x0800d5ca       0x1c ./Drivers/STM32G4xx_HAL_Driver/Src/stm32g4xx_hal_uart.o
 .text.UART_EndTransmit_IT
                0x0800d5e6       0x56 ./Drivers/STM32G4xx_HAL_Driver/Src/stm32g4xx_hal_uart.o
 .text.HAL_UARTEx_WakeupCallback
                0x0800d63c       0x14 ./Drivers/STM32G4xx_HAL_Driver/Src/stm32g4xx_hal_uart_ex.o
                0x0800d63c                HAL_UARTEx_WakeupCallback
 .text.HAL_UARTEx_RxFifoFullCallback
                0x0800d650       0x14 ./Drivers/STM32G4xx_HAL_Driver/Src/stm32g4xx_hal_uart_ex.o
                0x0800d650                HAL_UARTEx_RxFifoFullCallback
 .text.HAL_UARTEx_TxFifoEmptyCallback
                0x0800d664       0x14 ./Drivers/STM32G4xx_HAL_Driver/Src/stm32g4xx_hal_uart_ex.o
                0x0800d664                HAL_UARTEx_TxFifoEmptyCallback
 .text.HAL_UARTEx_DisableFifoMode
                0x0800d678       0x72 ./Drivers/STM32G4xx_HAL_Driver/Src/stm32g4xx_hal_uart_ex.o
                0x0800d678                HAL_UARTEx_DisableFifoMode
 .text.HAL_UARTEx_SetTxFifoThreshold
                0x0800d6ea       0x7c ./Drivers/STM32G4xx_HAL_Driver/Src/stm32g4xx_hal_uart_ex.o
                0x0800d6ea                HAL_UARTEx_SetTxFifoThreshold
 .text.HAL_UARTEx_SetRxFifoThreshold
                0x0800d766       0x7c ./Drivers/STM32G4xx_HAL_Driver/Src/stm32g4xx_hal_uart_ex.o
                0x0800d766                HAL_UARTEx_SetRxFifoThreshold
 *fill*         0x0800d7e2        0x2 
 .text.UARTEx_SetNbDataToProcess
                0x0800d7e4       0x9c ./Drivers/STM32G4xx_HAL_Driver/Src/stm32g4xx_hal_uart_ex.o
 .text.MSM_init
                0x0800d880       0x86 ./User/Src/mv_statemachine.o
                0x0800d880                MSM_init
 .text.MSM_reset_construction
                0x0800d906       0x1e ./User/Src/mv_statemachine.o
                0x0800d906                MSM_reset_construction
 .text.MSM_enqueue_state
                0x0800d924       0x76 ./User/Src/mv_statemachine.o
                0x0800d924                MSM_enqueue_state
 .text.MSM_ready_construction
                0x0800d99a       0x1e ./User/Src/mv_statemachine.o
                0x0800d99a                MSM_ready_construction
 .text.MSM_is_construction_full
                0x0800d9b8       0x24 ./User/Src/mv_statemachine.o
                0x0800d9b8                MSM_is_construction_full
 .text.MSM_is_busy
                0x0800d9dc       0x2a ./User/Src/mv_statemachine.o
                0x0800d9dc                MSM_is_busy
 *fill*         0x0800da06        0x2 
 .text.MSM_update
                0x0800da08      0x1cc ./User/Src/mv_statemachine.o
                0x0800da08                MSM_update
 .text.robot_data_init
                0x0800dbd4       0xac ./User/Src/robot_data.o
                0x0800dbd4                robot_data_init
 .text.send_to_machine
                0x0800dc80       0x4a ./User/Src/sequencer.o
 .text.find_idle
                0x0800dcca       0x5c ./User/Src/sequencer.o
 .text.sequencer_init
                0x0800dd26       0x54 ./User/Src/sequencer.o
                0x0800dd26                sequencer_init
 *fill*         0x0800dd7a        0x2 
 .text.sequencer_update
                0x0800dd7c      0x128 ./User/Src/sequencer.o
                0x0800dd7c                sequencer_update
 .text.GetEncoderSituation
                0x0800dea4       0x40 ./lib_robot/src_lib/encoders.o
                0x0800dea4                GetEncoderSituation
 .text.Encoder16Reset
                0x0800dee4       0x4a ./lib_robot/src_lib/encoders.o
                0x0800dee4                Encoder16Reset
 .text.Encoder16Update
                0x0800df2e       0x86 ./lib_robot/src_lib/encoders.o
                0x0800df2e                Encoder16Update
 .text.calloc   0x0800dfb4       0x10 C:/ST/STM32CubeIDE_1.12.1/STM32CubeIDE/plugins/com.st.stm32cube.ide.mcu.externaltools.gnu-tools-for-stm32.13.3.rel1.win32_1.0.100.202509120712/tools/bin/../lib/gcc/arm-none-eabi/13.3.1/../../../../arm-none-eabi/lib/thumb/v7e-m+fp/hard\libc_nano.a(libc_a-calloc.o)
                0x0800dfb4                calloc
 .text._calloc_r
                0x0800dfc4       0x28 C:/ST/STM32CubeIDE_1.12.1/STM32CubeIDE/plugins/com.st.stm32cube.ide.mcu.externaltools.gnu-tools-for-stm32.13.3.rel1.win32_1.0.100.202509120712/tools/bin/../lib/gcc/arm-none-eabi/13.3.1/../../../../arm-none-eabi/lib/thumb/v7e-m+fp/hard\libc_nano.a(libc_a-callocr.o)
                0x0800dfc4                _calloc_r
 .text.free     0x0800dfec       0x10 C:/ST/STM32CubeIDE_1.12.1/STM32CubeIDE/plugins/com.st.stm32cube.ide.mcu.externaltools.gnu-tools-for-stm32.13.3.rel1.win32_1.0.100.202509120712/tools/bin/../lib/gcc/arm-none-eabi/13.3.1/../../../../arm-none-eabi/lib/thumb/v7e-m+fp/hard\libc_nano.a(libc_a-malloc.o)
                0x0800dfec                free
 .text.sbrk_aligned
                0x0800dffc       0x44 C:/ST/STM32CubeIDE_1.12.1/STM32CubeIDE/plugins/com.st.stm32cube.ide.mcu.externaltools.gnu-tools-for-stm32.13.3.rel1.win32_1.0.100.202509120712/tools/bin/../lib/gcc/arm-none-eabi/13.3.1/../../../../arm-none-eabi/lib/thumb/v7e-m+fp/hard\libc_nano.a(libc_a-mallocr.o)
 .text._malloc_r
                0x0800e040      0x100 C:/ST/STM32CubeIDE_1.12.1/STM32CubeIDE/plugins/com.st.stm32cube.ide.mcu.externaltools.gnu-tools-for-stm32.13.3.rel1.win32_1.0.100.202509120712/tools/bin/../lib/gcc/arm-none-eabi/13.3.1/../../../../arm-none-eabi/lib/thumb/v7e-m+fp/hard\libc_nano.a(libc_a-mallocr.o)
                0x0800e040                _malloc_r
 .text.__malloc_lock
                0x0800e140        0xc C:/ST/STM32CubeIDE_1.12.1/STM32CubeIDE/plugins/com.st.stm32cube.ide.mcu.externaltools.gnu-tools-for-stm32.13.3.rel1.win32_1.0.100.202509120712/tools/bin/../lib/gcc/arm-none-eabi/13.3.1/../../../../arm-none-eabi/lib/thumb/v7e-m+fp/hard\libc_nano.a(libc_a-mlock.o)
                0x0800e140                __malloc_lock
 .text.__malloc_unlock
                0x0800e14c        0xc C:/ST/STM32CubeIDE_1.12.1/STM32CubeIDE/plugins/com.st.stm32cube.ide.mcu.externaltools.gnu-tools-for-stm32.13.3.rel1.win32_1.0.100.202509120712/tools/bin/../lib/gcc/arm-none-eabi/13.3.1/../../../../arm-none-eabi/lib/thumb/v7e-m+fp/hard\libc_nano.a(libc_a-mlock.o)
                0x0800e14c                __malloc_unlock
 .text.__sflush_r
                0x0800e158      0x108 C:/ST/STM32CubeIDE_1.12.1/STM32CubeIDE/plugins/com.st.stm32cube.ide.mcu.externaltools.gnu-tools-for-stm32.13.3.rel1.win32_1.0.100.202509120712/tools/bin/../lib/gcc/arm-none-eabi/13.3.1/../../../../arm-none-eabi/lib/thumb/v7e-m+fp/hard\libc_nano.a(libc_a-fflush.o)
                0x0800e158                __sflush_r
 .text._fflush_r
                0x0800e260       0x50 C:/ST/STM32CubeIDE_1.12.1/STM32CubeIDE/plugins/com.st.stm32cube.ide.mcu.externaltools.gnu-tools-for-stm32.13.3.rel1.win32_1.0.100.202509120712/tools/bin/../lib/gcc/arm-none-eabi/13.3.1/../../../../arm-none-eabi/lib/thumb/v7e-m+fp/hard\libc_nano.a(libc_a-fflush.o)
                0x0800e260                _fflush_r
 .text.fflush   0x0800e2b0       0x28 C:/ST/STM32CubeIDE_1.12.1/STM32CubeIDE/plugins/com.st.stm32cube.ide.mcu.externaltools.gnu-tools-for-stm32.13.3.rel1.win32_1.0.100.202509120712/tools/bin/../lib/gcc/arm-none-eabi/13.3.1/../../../../arm-none-eabi/lib/thumb/v7e-m+fp/hard\libc_nano.a(libc_a-fflush.o)
                0x0800e2b0                fflush
 .text.std      0x0800e2d8       0x6c C:/ST/STM32CubeIDE_1.12.1/STM32CubeIDE/plugins/com.st.stm32cube.ide.mcu.externaltools.gnu-tools-for-stm32.13.3.rel1.win32_1.0.100.202509120712/tools/bin/../lib/gcc/arm-none-eabi/13.3.1/../../../../arm-none-eabi/lib/thumb/v7e-m+fp/hard\libc_nano.a(libc_a-findfp.o)
 .text.stdio_exit_handler
                0x0800e344       0x18 C:/ST/STM32CubeIDE_1.12.1/STM32CubeIDE/plugins/com.st.stm32cube.ide.mcu.externaltools.gnu-tools-for-stm32.13.3.rel1.win32_1.0.100.202509120712/tools/bin/../lib/gcc/arm-none-eabi/13.3.1/../../../../arm-none-eabi/lib/thumb/v7e-m+fp/hard\libc_nano.a(libc_a-findfp.o)
 .text.cleanup_stdio
                0x0800e35c       0x40 C:/ST/STM32CubeIDE_1.12.1/STM32CubeIDE/plugins/com.st.stm32cube.ide.mcu.externaltools.gnu-tools-for-stm32.13.3.rel1.win32_1.0.100.202509120712/tools/bin/../lib/gcc/arm-none-eabi/13.3.1/../../../../arm-none-eabi/lib/thumb/v7e-m+fp/hard\libc_nano.a(libc_a-findfp.o)
 .text.global_stdio_init.part.0
                0x0800e39c       0x3c C:/ST/STM32CubeIDE_1.12.1/STM32CubeIDE/plugins/com.st.stm32cube.ide.mcu.externaltools.gnu-tools-for-stm32.13.3.rel1.win32_1.0.100.202509120712/tools/bin/../lib/gcc/arm-none-eabi/13.3.1/../../../../arm-none-eabi/lib/thumb/v7e-m+fp/hard\libc_nano.a(libc_a-findfp.o)
 .text.__sfp_lock_acquire
                0x0800e3d8        0xc C:/ST/STM32CubeIDE_1.12.1/STM32CubeIDE/plugins/com.st.stm32cube.ide.mcu.externaltools.gnu-tools-for-stm32.13.3.rel1.win32_1.0.100.202509120712/tools/bin/../lib/gcc/arm-none-eabi/13.3.1/../../../../arm-none-eabi/lib/thumb/v7e-m+fp/hard\libc_nano.a(libc_a-findfp.o)
                0x0800e3d8                __sfp_lock_acquire
 .text.__sfp_lock_release
                0x0800e3e4        0xc C:/ST/STM32CubeIDE_1.12.1/STM32CubeIDE/plugins/com.st.stm32cube.ide.mcu.externaltools.gnu-tools-for-stm32.13.3.rel1.win32_1.0.100.202509120712/tools/bin/../lib/gcc/arm-none-eabi/13.3.1/../../../../arm-none-eabi/lib/thumb/v7e-m+fp/hard\libc_nano.a(libc_a-findfp.o)
                0x0800e3e4                __sfp_lock_release
 .text.__sinit  0x0800e3f0       0x30 C:/ST/STM32CubeIDE_1.12.1/STM32CubeIDE/plugins/com.st.stm32cube.ide.mcu.externaltools.gnu-tools-for-stm32.13.3.rel1.win32_1.0.100.202509120712/tools/bin/../lib/gcc/arm-none-eabi/13.3.1/../../../../arm-none-eabi/lib/thumb/v7e-m+fp/hard\libc_nano.a(libc_a-findfp.o)
                0x0800e3f0                __sinit
 .text._fwalk_sglue
                0x0800e420       0x3c C:/ST/STM32CubeIDE_1.12.1/STM32CubeIDE/plugins/com.st.stm32cube.ide.mcu.externaltools.gnu-tools-for-stm32.13.3.rel1.win32_1.0.100.202509120712/tools/bin/../lib/gcc/arm-none-eabi/13.3.1/../../../../arm-none-eabi/lib/thumb/v7e-m+fp/hard\libc_nano.a(libc_a-fwalk.o)
                0x0800e420                _fwalk_sglue
 .text.printf   0x0800e45c       0x24 C:/ST/STM32CubeIDE_1.12.1/STM32CubeIDE/plugins/com.st.stm32cube.ide.mcu.externaltools.gnu-tools-for-stm32.13.3.rel1.win32_1.0.100.202509120712/tools/bin/../lib/gcc/arm-none-eabi/13.3.1/../../../../arm-none-eabi/lib/thumb/v7e-m+fp/hard\libc_nano.a(libc_a-printf.o)
                0x0800e45c                iprintf
                0x0800e45c                printf
 .text._puts_r  0x0800e480       0xaa C:/ST/STM32CubeIDE_1.12.1/STM32CubeIDE/plugins/com.st.stm32cube.ide.mcu.externaltools.gnu-tools-for-stm32.13.3.rel1.win32_1.0.100.202509120712/tools/bin/../lib/gcc/arm-none-eabi/13.3.1/../../../../arm-none-eabi/lib/thumb/v7e-m+fp/hard\libc_nano.a(libc_a-puts.o)
                0x0800e480                _puts_r
 *fill*         0x0800e52a        0x2 
 .text.puts     0x0800e52c       0x10 C:/ST/STM32CubeIDE_1.12.1/STM32CubeIDE/plugins/com.st.stm32cube.ide.mcu.externaltools.gnu-tools-for-stm32.13.3.rel1.win32_1.0.100.202509120712/tools/bin/../lib/gcc/arm-none-eabi/13.3.1/../../../../arm-none-eabi/lib/thumb/v7e-m+fp/hard\libc_nano.a(libc_a-puts.o)
                0x0800e52c                puts
 .text.__sread  0x0800e53c       0x22 C:/ST/STM32CubeIDE_1.12.1/STM32CubeIDE/plugins/com.st.stm32cube.ide.mcu.externaltools.gnu-tools-for-stm32.13.3.rel1.win32_1.0.100.202509120712/tools/bin/../lib/gcc/arm-none-eabi/13.3.1/../../../../arm-none-eabi/lib/thumb/v7e-m+fp/hard\libc_nano.a(libc_a-stdio.o)
                0x0800e53c                __sread
 .text.__swrite
                0x0800e55e       0x38 C:/ST/STM32CubeIDE_1.12.1/STM32CubeIDE/plugins/com.st.stm32cube.ide.mcu.externaltools.gnu-tools-for-stm32.13.3.rel1.win32_1.0.100.202509120712/tools/bin/../lib/gcc/arm-none-eabi/13.3.1/../../../../arm-none-eabi/lib/thumb/v7e-m+fp/hard\libc_nano.a(libc_a-stdio.o)
                0x0800e55e                __swrite
 .text.__sseek  0x0800e596       0x24 C:/ST/STM32CubeIDE_1.12.1/STM32CubeIDE/plugins/com.st.stm32cube.ide.mcu.externaltools.gnu-tools-for-stm32.13.3.rel1.win32_1.0.100.202509120712/tools/bin/../lib/gcc/arm-none-eabi/13.3.1/../../../../arm-none-eabi/lib/thumb/v7e-m+fp/hard\libc_nano.a(libc_a-stdio.o)
                0x0800e596                __sseek
 .text.__sclose
                0x0800e5ba        0x8 C:/ST/STM32CubeIDE_1.12.1/STM32CubeIDE/plugins/com.st.stm32cube.ide.mcu.externaltools.gnu-tools-for-stm32.13.3.rel1.win32_1.0.100.202509120712/tools/bin/../lib/gcc/arm-none-eabi/13.3.1/../../../../arm-none-eabi/lib/thumb/v7e-m+fp/hard\libc_nano.a(libc_a-stdio.o)
                0x0800e5ba                __sclose
 .text.__swbuf_r
                0x0800e5c2       0x7c C:/ST/STM32CubeIDE_1.12.1/STM32CubeIDE/plugins/com.st.stm32cube.ide.mcu.externaltools.gnu-tools-for-stm32.13.3.rel1.win32_1.0.100.202509120712/tools/bin/../lib/gcc/arm-none-eabi/13.3.1/../../../../arm-none-eabi/lib/thumb/v7e-m+fp/hard\libc_nano.a(libc_a-wbuf.o)
                0x0800e5c2                __swbuf_r
 *fill*         0x0800e63e        0x2 
 .text.__swsetup_r
                0x0800e640       0xac C:/ST/STM32CubeIDE_1.12.1/STM32CubeIDE/plugins/com.st.stm32cube.ide.mcu.externaltools.gnu-tools-for-stm32.13.3.rel1.win32_1.0.100.202509120712/tools/bin/../lib/gcc/arm-none-eabi/13.3.1/../../../../arm-none-eabi/lib/thumb/v7e-m+fp/hard\libc_nano.a(libc_a-wsetup.o)
                0x0800e640                __swsetup_r
 .text.memmove  0x0800e6ec       0x34 C:/ST/STM32CubeIDE_1.12.1/STM32CubeIDE/plugins/com.st.stm32cube.ide.mcu.externaltools.gnu-tools-for-stm32.13.3.rel1.win32_1.0.100.202509120712/tools/bin/../lib/gcc/arm-none-eabi/13.3.1/../../../../arm-none-eabi/lib/thumb/v7e-m+fp/hard\libc_nano.a(libc_a-memmove.o)
                0x0800e6ec                memmove
 .text.memset   0x0800e720       0x10 C:/ST/STM32CubeIDE_1.12.1/STM32CubeIDE/plugins/com.st.stm32cube.ide.mcu.externaltools.gnu-tools-for-stm32.13.3.rel1.win32_1.0.100.202509120712/tools/bin/../lib/gcc/arm-none-eabi/13.3.1/../../../../arm-none-eabi/lib/thumb/v7e-m+fp/hard\libc_nano.a(libc_a-memset.o)
                0x0800e720                memset
 .text._close_r
                0x0800e730       0x20 C:/ST/STM32CubeIDE_1.12.1/STM32CubeIDE/plugins/com.st.stm32cube.ide.mcu.externaltools.gnu-tools-for-stm32.13.3.rel1.win32_1.0.100.202509120712/tools/bin/../lib/gcc/arm-none-eabi/13.3.1/../../../../arm-none-eabi/lib/thumb/v7e-m+fp/hard\libc_nano.a(libc_a-closer.o)
                0x0800e730                _close_r
 .text._lseek_r
                0x0800e750       0x24 C:/ST/STM32CubeIDE_1.12.1/STM32CubeIDE/plugins/com.st.stm32cube.ide.mcu.externaltools.gnu-tools-for-stm32.13.3.rel1.win32_1.0.100.202509120712/tools/bin/../lib/gcc/arm-none-eabi/13.3.1/../../../../arm-none-eabi/lib/thumb/v7e-m+fp/hard\libc_nano.a(libc_a-lseekr.o)
                0x0800e750                _lseek_r
 .text._read_r  0x0800e774       0x24 C:/ST/STM32CubeIDE_1.12.1/STM32CubeIDE/plugins/com.st.stm32cube.ide.mcu.externaltools.gnu-tools-for-stm32.13.3.rel1.win32_1.0.100.202509120712/tools/bin/../lib/gcc/arm-none-eabi/13.3.1/../../../../arm-none-eabi/lib/thumb/v7e-m+fp/hard\libc_nano.a(libc_a-readr.o)
                0x0800e774                _read_r
 .text._sbrk_r  0x0800e798       0x20 C:/ST/STM32CubeIDE_1.12.1/STM32CubeIDE/plugins/com.st.stm32cube.ide.mcu.externaltools.gnu-tools-for-stm32.13.3.rel1.win32_1.0.100.202509120712/tools/bin/../lib/gcc/arm-none-eabi/13.3.1/../../../../arm-none-eabi/lib/thumb/v7e-m+fp/hard\libc_nano.a(libc_a-sbrkr.o)
                0x0800e798                _sbrk_r
 .text._write_r
                0x0800e7b8       0x24 C:/ST/STM32CubeIDE_1.12.1/STM32CubeIDE/plugins/com.st.stm32cube.ide.mcu.externaltools.gnu-tools-for-stm32.13.3.rel1.win32_1.0.100.202509120712/tools/bin/../lib/gcc/arm-none-eabi/13.3.1/../../../../arm-none-eabi/lib/thumb/v7e-m+fp/hard\libc_nano.a(libc_a-writer.o)
                0x0800e7b8                _write_r
 .text.__errno  0x0800e7dc        0xc C:/ST/STM32CubeIDE_1.12.1/STM32CubeIDE/plugins/com.st.stm32cube.ide.mcu.externaltools.gnu-tools-for-stm32.13.3.rel1.win32_1.0.100.202509120712/tools/bin/../lib/gcc/arm-none-eabi/13.3.1/../../../../arm-none-eabi/lib/thumb/v7e-m+fp/hard\libc_nano.a(libc_a-errno.o)
                0x0800e7dc                __errno
 .text.__libc_init_array
                0x0800e7e8       0x48 C:/ST/STM32CubeIDE_1.12.1/STM32CubeIDE/plugins/com.st.stm32cube.ide.mcu.externaltools.gnu-tools-for-stm32.13.3.rel1.win32_1.0.100.202509120712/tools/bin/../lib/gcc/arm-none-eabi/13.3.1/../../../../arm-none-eabi/lib/thumb/v7e-m+fp/hard\libc_nano.a(libc_a-init.o)
                0x0800e7e8                __libc_init_array
 .text.__retarget_lock_init_recursive
                0x0800e830        0x2 C:/ST/STM32CubeIDE_1.12.1/STM32CubeIDE/plugins/com.st.stm32cube.ide.mcu.externaltools.gnu-tools-for-stm32.13.3.rel1.win32_1.0.100.202509120712/tools/bin/../lib/gcc/arm-none-eabi/13.3.1/../../../../arm-none-eabi/lib/thumb/v7e-m+fp/hard\libc_nano.a(libc_a-lock.o)
                0x0800e830                __retarget_lock_init_recursive
 .text.__retarget_lock_acquire_recursive
                0x0800e832        0x2 C:/ST/STM32CubeIDE_1.12.1/STM32CubeIDE/plugins/com.st.stm32cube.ide.mcu.externaltools.gnu-tools-for-stm32.13.3.rel1.win32_1.0.100.202509120712/tools/bin/../lib/gcc/arm-none-eabi/13.3.1/../../../../arm-none-eabi/lib/thumb/v7e-m+fp/hard\libc_nano.a(libc_a-lock.o)
                0x0800e832                __retarget_lock_acquire_recursive
 .text.__retarget_lock_release_recursive
                0x0800e834        0x2 C:/ST/STM32CubeIDE_1.12.1/STM32CubeIDE/plugins/com.st.stm32cube.ide.mcu.externaltools.gnu-tools-for-stm32.13.3.rel1.win32_1.0.100.202509120712/tools/bin/../lib/gcc/arm-none-eabi/13.3.1/../../../../arm-none-eabi/lib/thumb/v7e-m+fp/hard\libc_nano.a(libc_a-lock.o)
                0x0800e834                __retarget_lock_release_recursive
 .text.memcpy   0x0800e836       0x1c C:/ST/STM32CubeIDE_1.12.1/STM32CubeIDE/plugins/com.st.stm32cube.ide.mcu.externaltools.gnu-tools-for-stm32.13.3.rel1.win32_1.0.100.202509120712/tools/bin/../lib/gcc/arm-none-eabi/13.3.1/../../../../arm-none-eabi/lib/thumb/v7e-m+fp/hard\libc_nano.a(libc_a-memcpy-stub.o)
                0x0800e836                memcpy
 *fill*         0x0800e852        0x2 
 .text._free_r  0x0800e854       0x94 C:/ST/STM32CubeIDE_1.12.1/STM32CubeIDE/plugins/com.st.stm32cube.ide.mcu.externaltools.gnu-tools-for-stm32.13.3.rel1.win32_1.0.100.202509120712/tools/bin/../lib/gcc/arm-none-eabi/13.3.1/../../../../arm-none-eabi/lib/thumb/v7e-m+fp/hard\libc_nano.a(libc_a-freer.o)
                0x0800e854                _free_r
 .text.__sfputc_r
                0x0800e8e8       0x2e C:/ST/STM32CubeIDE_1.12.1/STM32CubeIDE/plugins/com.st.stm32cube.ide.mcu.externaltools.gnu-tools-for-stm32.13.3.rel1.win32_1.0.100.202509120712/tools/bin/../lib/gcc/arm-none-eabi/13.3.1/../../../../arm-none-eabi/lib/thumb/v7e-m+fp/hard\libc_nano.a(libc_a-nano-vfprintf.o)
 .text.__sfputs_r
                0x0800e916       0x24 C:/ST/STM32CubeIDE_1.12.1/STM32CubeIDE/plugins/com.st.stm32cube.ide.mcu.externaltools.gnu-tools-for-stm32.13.3.rel1.win32_1.0.100.202509120712/tools/bin/../lib/gcc/arm-none-eabi/13.3.1/../../../../arm-none-eabi/lib/thumb/v7e-m+fp/hard\libc_nano.a(libc_a-nano-vfprintf.o)
                0x0800e916                __sfputs_r
 *fill*         0x0800e93a        0x2 
 .text._vfprintf_r
                0x0800e93c      0x230 C:/ST/STM32CubeIDE_1.12.1/STM32CubeIDE/plugins/com.st.stm32cube.ide.mcu.externaltools.gnu-tools-for-stm32.13.3.rel1.win32_1.0.100.202509120712/tools/bin/../lib/gcc/arm-none-eabi/13.3.1/../../../../arm-none-eabi/lib/thumb/v7e-m+fp/hard\libc_nano.a(libc_a-nano-vfprintf.o)
                0x0800e93c                _vfprintf_r
                0x0800e93c                _vfiprintf_r
 .text._printf_common
                0x0800eb6c       0xda C:/ST/STM32CubeIDE_1.12.1/STM32CubeIDE/plugins/com.st.stm32cube.ide.mcu.externaltools.gnu-tools-for-stm32.13.3.rel1.win32_1.0.100.202509120712/tools/bin/../lib/gcc/arm-none-eabi/13.3.1/../../../../arm-none-eabi/lib/thumb/v7e-m+fp/hard\libc_nano.a(libc_a-nano-vfprintf_i.o)
                0x0800eb6c                _printf_common
 *fill*         0x0800ec46        0x2 
 .text._printf_i
                0x0800ec48      0x23c C:/ST/STM32CubeIDE_1.12.1/STM32CubeIDE/plugins/com.st.stm32cube.ide.mcu.externaltools.gnu-tools-for-stm32.13.3.rel1.win32_1.0.100.202509120712/tools/bin/../lib/gcc/arm-none-eabi/13.3.1/../../../../arm-none-eabi/lib/thumb/v7e-m+fp/hard\libc_nano.a(libc_a-nano-vfprintf_i.o)
                0x0800ec48                _printf_i
 .text.__swhatbuf_r
                0x0800ee84       0x4c C:/ST/STM32CubeIDE_1.12.1/STM32CubeIDE/plugins/com.st.stm32cube.ide.mcu.externaltools.gnu-tools-for-stm32.13.3.rel1.win32_1.0.100.202509120712/tools/bin/../lib/gcc/arm-none-eabi/13.3.1/../../../../arm-none-eabi/lib/thumb/v7e-m+fp/hard\libc_nano.a(libc_a-makebuf.o)
                0x0800ee84                __swhatbuf_r
 .text.__smakebuf_r
                0x0800eed0       0x78 C:/ST/STM32CubeIDE_1.12.1/STM32CubeIDE/plugins/com.st.stm32cube.ide.mcu.externaltools.gnu-tools-for-stm32.13.3.rel1.win32_1.0.100.202509120712/tools/bin/../lib/gcc/arm-none-eabi/13.3.1/../../../../arm-none-eabi/lib/thumb/v7e-m+fp/hard\libc_nano.a(libc_a-makebuf.o)
                0x0800eed0                __smakebuf_r
 .text._fstat_r
                0x0800ef48       0x24 C:/ST/STM32CubeIDE_1.12.1/STM32CubeIDE/plugins/com.st.stm32cube.ide.mcu.externaltools.gnu-tools-for-stm32.13.3.rel1.win32_1.0.100.202509120712/tools/bin/../lib/gcc/arm-none-eabi/13.3.1/../../../../arm-none-eabi/lib/thumb/v7e-m+fp/hard\libc_nano.a(libc_a-fstatr.o)
                0x0800ef48                _fstat_r
 .text._isatty_r
                0x0800ef6c       0x20 C:/ST/STM32CubeIDE_1.12.1/STM32CubeIDE/plugins/com.st.stm32cube.ide.mcu.externaltools.gnu-tools-for-stm32.13.3.rel1.win32_1.0.100.202509120712/tools/bin/../lib/gcc/arm-none-eabi/13.3.1/../../../../arm-none-eabi/lib/thumb/v7e-m+fp/hard\libc_nano.a(libc_a-isattyr.o)
                0x0800ef6c                _isatty_r
 *(.glue_7)
 .glue_7        0x0800ef8c        0x0 linker stubs
 *(.glue_7t)
 .glue_7t       0x0800ef8c        0x0 linker stubs
 *(.eh_frame)
 .eh_frame      0x0800ef8c        0x0 C:/ST/STM32CubeIDE_1.12.1/STM32CubeIDE/plugins/com.st.stm32cube.ide.mcu.externaltools.gnu-tools-for-stm32.13.3.rel1.win32_1.0.100.202509120712/tools/bin/../lib/gcc/arm-none-eabi/13.3.1/thumb/v7e-m+fp/hard/crtbegin.o
 *(.init)
 .init          0x0800ef8c        0x4 C:/ST/STM32CubeIDE_1.12.1/STM32CubeIDE/plugins/com.st.stm32cube.ide.mcu.externaltools.gnu-tools-for-stm32.13.3.rel1.win32_1.0.100.202509120712/tools/bin/../lib/gcc/arm-none-eabi/13.3.1/thumb/v7e-m+fp/hard/crti.o
                0x0800ef8c                _init
 .init          0x0800ef90        0x8 C:/ST/STM32CubeIDE_1.12.1/STM32CubeIDE/plugins/com.st.stm32cube.ide.mcu.externaltools.gnu-tools-for-stm32.13.3.rel1.win32_1.0.100.202509120712/tools/bin/../lib/gcc/arm-none-eabi/13.3.1/thumb/v7e-m+fp/hard/crtn.o
 *(.fini)
 .fini          0x0800ef98        0x4 C:/ST/STM32CubeIDE_1.12.1/STM32CubeIDE/plugins/com.st.stm32cube.ide.mcu.externaltools.gnu-tools-for-stm32.13.3.rel1.win32_1.0.100.202509120712/tools/bin/../lib/gcc/arm-none-eabi/13.3.1/thumb/v7e-m+fp/hard/crti.o
                0x0800ef98                _fini
 .fini          0x0800ef9c        0x8 C:/ST/STM32CubeIDE_1.12.1/STM32CubeIDE/plugins/com.st.stm32cube.ide.mcu.externaltools.gnu-tools-for-stm32.13.3.rel1.win32_1.0.100.202509120712/tools/bin/../lib/gcc/arm-none-eabi/13.3.1/thumb/v7e-m+fp/hard/crtn.o
                0x0800efa4                        . = ALIGN (0x4)
                0x0800efa4                        _etext = .

.vfp11_veneer   0x0800efa4        0x0
 .vfp11_veneer  0x0800efa4        0x0 linker stubs

.v4_bx          0x0800efa4        0x0
 .v4_bx         0x0800efa4        0x0 linker stubs

.iplt           0x0800efa4        0x0
 .iplt          0x0800efa4        0x0 C:/ST/STM32CubeIDE_1.12.1/STM32CubeIDE/plugins/com.st.stm32cube.ide.mcu.externaltools.gnu-tools-for-stm32.13.3.rel1.win32_1.0.100.202509120712/tools/bin/../lib/gcc/arm-none-eabi/13.3.1/thumb/v7e-m+fp/hard/crtbegin.o

.rodata         0x0800efa4      0x5d0
                0x0800efa4                        . = ALIGN (0x4)
 *(.rodata)
 .rodata        0x0800efa4      0x1c5 ./CANopenNode_STM32/CO_app_STM32.o
 *fill*         0x0800f169        0x3 
 .rodata        0x0800f16c       0x17 ./User/Src/mv_statemachine.o
 *fill*         0x0800f183        0x1 
 .rodata        0x0800f184      0x120 ./User/Src/sequencer.o
 *(.rodata*)
 .rodata.abortCodes.0
                0x0800f2a4       0x68 ./CANopenNode/301/CO_ODinterface.o
 .rodata.CO_LSS_bitTimingTableLookup
                0x0800f30c       0x14 ./CANopenNode/305/CO_LSSslave.o
 .rodata.ODObjs
                0x0800f320      0x1d0 ./CANopenNode_STM32/OD.o
 .rodata.AHBPrescTable
                0x0800f4f0       0x10 ./Core/Src/system_stm32g4xx.o
                0x0800f4f0                AHBPrescTable
 .rodata.APBPrescTable
                0x0800f500        0x8 ./Core/Src/system_stm32g4xx.o
                0x0800f500                APBPrescTable
 .rodata.DLCtoBytes
                0x0800f508       0x10 ./Drivers/STM32G4xx_HAL_Driver/Src/stm32g4xx_hal_fdcan.o
 .rodata.UARTPrescTable
                0x0800f518       0x18 ./Drivers/STM32G4xx_HAL_Driver/Src/stm32g4xx_hal_uart.o
                0x0800f518                UARTPrescTable
 .rodata.numerator.1
                0x0800f530        0x8 ./Drivers/STM32G4xx_HAL_Driver/Src/stm32g4xx_hal_uart_ex.o
 .rodata.denominator.0
                0x0800f538        0x8 ./Drivers/STM32G4xx_HAL_Driver/Src/stm32g4xx_hal_uart_ex.o
 .rodata._vfprintf_r.str1.1
                0x0800f540       0x33 C:/ST/STM32CubeIDE_1.12.1/STM32CubeIDE/plugins/com.st.stm32cube.ide.mcu.externaltools.gnu-tools-for-stm32.13.3.rel1.win32_1.0.100.202509120712/tools/bin/../lib/gcc/arm-none-eabi/13.3.1/../../../../arm-none-eabi/lib/thumb/v7e-m+fp/hard\libc_nano.a(libc_a-nano-vfprintf.o)
                                 0x11 (size before relaxing)
 .rodata._printf_i.str1.1
                0x0800f573        0x0 C:/ST/STM32CubeIDE_1.12.1/STM32CubeIDE/plugins/com.st.stm32cube.ide.mcu.externaltools.gnu-tools-for-stm32.13.3.rel1.win32_1.0.100.202509120712/tools/bin/../lib/gcc/arm-none-eabi/13.3.1/../../../../arm-none-eabi/lib/thumb/v7e-m+fp/hard\libc_nano.a(libc_a-nano-vfprintf_i.o)
                                 0x22 (size before relaxing)
                0x0800f574                        . = ALIGN (0x4)
 *fill*         0x0800f573        0x1 

.ARM.extab      0x0800f574        0x0
                0x0800f574                        . = ALIGN (0x4)
 *(.ARM.extab* .gnu.linkonce.armextab.*)
                0x0800f574                        . = ALIGN (0x4)

.ARM            0x0800f574        0x8
                0x0800f574                        . = ALIGN (0x4)
                0x0800f574                        __exidx_start = .
 *(.ARM.exidx*)
 .ARM.exidx     0x0800f574        0x8 C:/ST/STM32CubeIDE_1.12.1/STM32CubeIDE/plugins/com.st.stm32cube.ide.mcu.externaltools.gnu-tools-for-stm32.13.3.rel1.win32_1.0.100.202509120712/tools/bin/../lib/gcc/arm-none-eabi/13.3.1/../../../../arm-none-eabi/lib/thumb/v7e-m+fp/hard\libc_nano.a(libc_a-strlen.o)
 .ARM.exidx     0x0800f57c        0x0 C:/ST/STM32CubeIDE_1.12.1/STM32CubeIDE/plugins/com.st.stm32cube.ide.mcu.externaltools.gnu-tools-for-stm32.13.3.rel1.win32_1.0.100.202509120712/tools/bin/../lib/gcc/arm-none-eabi/13.3.1/../../../../arm-none-eabi/lib/thumb/v7e-m+fp/hard\libc_nano.a(libc_a-memchr.o)
                                  0x8 (size before relaxing)
 .ARM.exidx     0x0800f57c        0x0 C:/ST/STM32CubeIDE_1.12.1/STM32CubeIDE/plugins/com.st.stm32cube.ide.mcu.externaltools.gnu-tools-for-stm32.13.3.rel1.win32_1.0.100.202509120712/tools/bin/../lib/gcc/arm-none-eabi/13.3.1/thumb/v7e-m+fp/hard\libgcc.a(_udivmoddi4.o)
                                  0x8 (size before relaxing)
                0x0800f57c                        __exidx_end = .
                0x0800f57c                        . = ALIGN (0x4)

.preinit_array  0x0800f57c        0x0
                0x0800f57c                        . = ALIGN (0x4)
                0x0800f57c                        PROVIDE (__preinit_array_start = .)
 *(.preinit_array*)
                0x0800f57c                        PROVIDE (__preinit_array_end = .)
                0x0800f57c                        . = ALIGN (0x4)

.init_array     0x0800f57c        0x4
                0x0800f57c                        . = ALIGN (0x4)
                0x0800f57c                        PROVIDE (__init_array_start = .)
 *(SORT_BY_NAME(.init_array.*))
 *(.init_array*)
 .init_array    0x0800f57c        0x4 C:/ST/STM32CubeIDE_1.12.1/STM32CubeIDE/plugins/com.st.stm32cube.ide.mcu.externaltools.gnu-tools-for-stm32.13.3.rel1.win32_1.0.100.202509120712/tools/bin/../lib/gcc/arm-none-eabi/13.3.1/thumb/v7e-m+fp/hard/crtbegin.o
                0x0800f580                        PROVIDE (__init_array_end = .)
                0x0800f580                        . = ALIGN (0x4)

.fini_array     0x0800f580        0x4
                0x0800f580                        . = ALIGN (0x4)
                [!provide]                        PROVIDE (__fini_array_start = .)
 *(SORT_BY_NAME(.fini_array.*))
 *(.fini_array*)
 .fini_array    0x0800f580        0x4 C:/ST/STM32CubeIDE_1.12.1/STM32CubeIDE/plugins/com.st.stm32cube.ide.mcu.externaltools.gnu-tools-for-stm32.13.3.rel1.win32_1.0.100.202509120712/tools/bin/../lib/gcc/arm-none-eabi/13.3.1/thumb/v7e-m+fp/hard/crtbegin.o
                [!provide]                        PROVIDE (__fini_array_end = .)
                0x0800f584                        . = ALIGN (0x4)
                0x0800f584                        _sidata = LOADADDR (.data)

.rel.dyn        0x0800f584        0x0
 .rel.iplt      0x0800f584        0x0 C:/ST/STM32CubeIDE_1.12.1/STM32CubeIDE/plugins/com.st.stm32cube.ide.mcu.externaltools.gnu-tools-for-stm32.13.3.rel1.win32_1.0.100.202509120712/tools/bin/../lib/gcc/arm-none-eabi/13.3.1/thumb/v7e-m+fp/hard/crtbegin.o

.data           0x20000000      0x22c load address 0x0800f584
                0x20000000                        . = ALIGN (0x4)
                0x20000000                        _sdata = .
 *(.data)
 *(.data*)
 .data.OD_PERSIST_COMM
                0x20000000       0x84 ./CANopenNode_STM32/OD.o
                0x20000000                OD_PERSIST_COMM
 .data.OD_RAM   0x20000084       0x38 ./CANopenNode_STM32/OD.o
                0x20000084                OD_RAM
 .data.ODList   0x200000bc       0xfc ./CANopenNode_STM32/OD.o
 .data._OD      0x200001b8        0x8 ./CANopenNode_STM32/OD.o
 .data.OD       0x200001c0        0x4 ./CANopenNode_STM32/OD.o
                0x200001c0                OD
 .data.SystemCoreClock
                0x200001c4        0x4 ./Core/Src/system_stm32g4xx.o
                0x200001c4                SystemCoreClock
 .data.uwTickPrio
                0x200001c8        0x4 ./Drivers/STM32G4xx_HAL_Driver/Src/stm32g4xx_hal.o
                0x200001c8                uwTickPrio
 .data.uwTickFreq
                0x200001cc        0x4 ./Drivers/STM32G4xx_HAL_Driver/Src/stm32g4xx_hal.o
                0x200001cc                uwTickFreq
 .data.__sglue  0x200001d0        0xc C:/ST/STM32CubeIDE_1.12.1/STM32CubeIDE/plugins/com.st.stm32cube.ide.mcu.externaltools.gnu-tools-for-stm32.13.3.rel1.win32_1.0.100.202509120712/tools/bin/../lib/gcc/arm-none-eabi/13.3.1/../../../../arm-none-eabi/lib/thumb/v7e-m+fp/hard\libc_nano.a(libc_a-findfp.o)
                0x200001d0                __sglue
 .data._impure_ptr
                0x200001dc        0x4 C:/ST/STM32CubeIDE_1.12.1/STM32CubeIDE/plugins/com.st.stm32cube.ide.mcu.externaltools.gnu-tools-for-stm32.13.3.rel1.win32_1.0.100.202509120712/tools/bin/../lib/gcc/arm-none-eabi/13.3.1/../../../../arm-none-eabi/lib/thumb/v7e-m+fp/hard\libc_nano.a(libc_a-impure.o)
                0x200001dc                _impure_ptr
 .data._impure_data
                0x200001e0       0x4c C:/ST/STM32CubeIDE_1.12.1/STM32CubeIDE/plugins/com.st.stm32cube.ide.mcu.externaltools.gnu-tools-for-stm32.13.3.rel1.win32_1.0.100.202509120712/tools/bin/../lib/gcc/arm-none-eabi/13.3.1/../../../../arm-none-eabi/lib/thumb/v7e-m+fp/hard\libc_nano.a(libc_a-impure.o)
                0x200001e0                _impure_data
 *(.RamFunc)
 *(.RamFunc*)
                0x2000022c                        . = ALIGN (0x4)
                0x2000022c                        _edata = .

.igot.plt       0x2000022c        0x0 load address 0x0800f7b0
 .igot.plt      0x2000022c        0x0 C:/ST/STM32CubeIDE_1.12.1/STM32CubeIDE/plugins/com.st.stm32cube.ide.mcu.externaltools.gnu-tools-for-stm32.13.3.rel1.win32_1.0.100.202509120712/tools/bin/../lib/gcc/arm-none-eabi/13.3.1/thumb/v7e-m+fp/hard/crtbegin.o
                0x2000022c                        . = ALIGN (0x4)

.bss            0x2000022c     0x162c load address 0x0800f7b0
                0x2000022c                        _sbss = .
                0x2000022c                        __bss_start__ = _sbss
 *(.bss)
 .bss           0x2000022c       0x1c C:/ST/STM32CubeIDE_1.12.1/STM32CubeIDE/plugins/com.st.stm32cube.ide.mcu.externaltools.gnu-tools-for-stm32.13.3.rel1.win32_1.0.100.202509120712/tools/bin/../lib/gcc/arm-none-eabi/13.3.1/thumb/v7e-m+fp/hard/crtbegin.o
 *(.bss*)
 .bss.canopenNodeSTM32
                0x20000248        0x4 ./CANopenNode_STM32/CO_app_STM32.o
                0x20000248                canopenNodeSTM32
 .bss.CO        0x2000024c        0x4 ./CANopenNode_STM32/CO_app_STM32.o
                0x2000024c                CO
 .bss.time_old  0x20000250        0x4 ./CANopenNode_STM32/CO_app_STM32.o
                0x20000250                time_old
 .bss.time_current
                0x20000254        0x4 ./CANopenNode_STM32/CO_app_STM32.o
                0x20000254                time_current
 .bss.err       0x20000258        0x1 ./CANopenNode_STM32/CO_app_STM32.o
                0x20000258                err
 *fill*         0x20000259        0x3 
 .bss.CANModule_local
                0x2000025c        0x4 ./CANopenNode_STM32/CO_driver_STM32.o
 .bss.tx_hdr.1  0x20000260       0x24 ./CANopenNode_STM32/CO_driver_STM32.o
 .bss.hadc1     0x20000284       0x6c ./Core/Src/adc.o
                0x20000284                hadc1
 .bss.hfdcan1   0x200002f0       0x64 ./Core/Src/fdcan.o
                0x200002f0                hfdcan1
 .bss.trig_count
                0x20000354        0x4 ./Core/Src/main.o
                0x20000354                trig_count
 .bss.main_sequencer
                0x20000358      0x738 ./Core/Src/stm32g4xx_it.o
                0x20000358                main_sequencer
 .bss.__sbrk_heap_end
                0x20000a90        0x4 ./Core/Src/sysmem.o
 .bss.htim1     0x20000a94       0x4c ./Core/Src/tim.o
                0x20000a94                htim1
 .bss.htim2     0x20000ae0       0x4c ./Core/Src/tim.o
                0x20000ae0                htim2
 .bss.htim3     0x20000b2c       0x4c ./Core/Src/tim.o
                0x20000b2c                htim3
 .bss.htim4     0x20000b78       0x4c ./Core/Src/tim.o
                0x20000b78                htim4
 .bss.htim6     0x20000bc4       0x4c ./Core/Src/tim.o
                0x20000bc4                htim6
 .bss.huart4    0x20000c10       0x94 ./Core/Src/usart.o
                0x20000c10                huart4
 .bss.huart3    0x20000ca4       0x94 ./Core/Src/usart.o
                0x20000ca4                huart3
 .bss.uwTick    0x20000d38        0x4 ./Drivers/STM32G4xx_HAL_Driver/Src/stm32g4xx_hal.o
                0x20000d38                uwTick
 .bss.elevator_V_statemachine
                0x20000d3c      0x328 ./User/Src/elevator_states.o
                0x20000d3c                elevator_V_statemachine
 .bss.elevator_H_statemachine
                0x20001064      0x328 ./User/Src/elevator_states.o
                0x20001064                elevator_H_statemachine
 .bss.MV_STATEMACHINE
                0x2000138c      0x328 ./User/Src/mv_statemachine_states.o
                0x2000138c                MV_STATEMACHINE
 .bss.encoder_R
                0x200016b4       0x1c ./User/Src/robot_data.o
                0x200016b4                encoder_R
 .bss.motor_R   0x200016d0       0x10 ./User/Src/robot_data.o
                0x200016d0                motor_R
 .bss.encoder_L
                0x200016e0       0x1c ./User/Src/robot_data.o
                0x200016e0                encoder_L
 .bss.motor_L   0x200016fc       0x10 ./User/Src/robot_data.o
                0x200016fc                motor_L
 .bss.__malloc_sbrk_start
                0x2000170c        0x4 C:/ST/STM32CubeIDE_1.12.1/STM32CubeIDE/plugins/com.st.stm32cube.ide.mcu.externaltools.gnu-tools-for-stm32.13.3.rel1.win32_1.0.100.202509120712/tools/bin/../lib/gcc/arm-none-eabi/13.3.1/../../../../arm-none-eabi/lib/thumb/v7e-m+fp/hard\libc_nano.a(libc_a-mallocr.o)
                0x2000170c                __malloc_sbrk_start
 .bss.__malloc_free_list
                0x20001710        0x4 C:/ST/STM32CubeIDE_1.12.1/STM32CubeIDE/plugins/com.st.stm32cube.ide.mcu.externaltools.gnu-tools-for-stm32.13.3.rel1.win32_1.0.100.202509120712/tools/bin/../lib/gcc/arm-none-eabi/13.3.1/../../../../arm-none-eabi/lib/thumb/v7e-m+fp/hard\libc_nano.a(libc_a-mallocr.o)
                0x20001710                __malloc_free_list
 .bss.__sf      0x20001714      0x138 C:/ST/STM32CubeIDE_1.12.1/STM32CubeIDE/plugins/com.st.stm32cube.ide.mcu.externaltools.gnu-tools-for-stm32.13.3.rel1.win32_1.0.100.202509120712/tools/bin/../lib/gcc/arm-none-eabi/13.3.1/../../../../arm-none-eabi/lib/thumb/v7e-m+fp/hard\libc_nano.a(libc_a-findfp.o)
                0x20001714                __sf
 .bss.__stdio_exit_handler
                0x2000184c        0x4 C:/ST/STM32CubeIDE_1.12.1/STM32CubeIDE/plugins/com.st.stm32cube.ide.mcu.externaltools.gnu-tools-for-stm32.13.3.rel1.win32_1.0.100.202509120712/tools/bin/../lib/gcc/arm-none-eabi/13.3.1/../../../../arm-none-eabi/lib/thumb/v7e-m+fp/hard\libc_nano.a(libc_a-findfp.o)
                0x2000184c                __stdio_exit_handler
 .bss.errno     0x20001850        0x4 C:/ST/STM32CubeIDE_1.12.1/STM32CubeIDE/plugins/com.st.stm32cube.ide.mcu.externaltools.gnu-tools-for-stm32.13.3.rel1.win32_1.0.100.202509120712/tools/bin/../lib/gcc/arm-none-eabi/13.3.1/../../../../arm-none-eabi/lib/thumb/v7e-m+fp/hard\libc_nano.a(libc_a-reent.o)
                0x20001850                errno
 .bss.__lock___malloc_recursive_mutex
                0x20001854        0x1 C:/ST/STM32CubeIDE_1.12.1/STM32CubeIDE/plugins/com.st.stm32cube.ide.mcu.externaltools.gnu-tools-for-stm32.13.3.rel1.win32_1.0.100.202509120712/tools/bin/../lib/gcc/arm-none-eabi/13.3.1/../../../../arm-none-eabi/lib/thumb/v7e-m+fp/hard\libc_nano.a(libc_a-lock.o)
                0x20001854                __lock___malloc_recursive_mutex
 .bss.__lock___sfp_recursive_mutex
                0x20001855        0x1 C:/ST/STM32CubeIDE_1.12.1/STM32CubeIDE/plugins/com.st.stm32cube.ide.mcu.externaltools.gnu-tools-for-stm32.13.3.rel1.win32_1.0.100.202509120712/tools/bin/../lib/gcc/arm-none-eabi/13.3.1/../../../../arm-none-eabi/lib/thumb/v7e-m+fp/hard\libc_nano.a(libc_a-lock.o)
                0x20001855                __lock___sfp_recursive_mutex
 *(COMMON)
                0x20001858                        . = ALIGN (0x4)
 *fill*         0x20001856        0x2 
                0x20001858                        _ebss = .
                0x20001858                        __bss_end__ = _ebss

._user_heap_stack
                0x20001858      0x600 load address 0x0800f7b0
                0x20001858                        . = ALIGN (0x8)
                [!provide]                        PROVIDE (end = .)
                0x20001858                        PROVIDE (_end = .)
                0x20001a58                        . = (. + _Min_Heap_Size)
 *fill*         0x20001858      0x200 
                0x20001e58                        . = (. + _Min_Stack_Size)
 *fill*         0x20001a58      0x400 
                0x20001e58                        . = ALIGN (0x8)

/DISCARD/
 libc.a(*)
 libm.a(*)
 libgcc.a(*)

.ARM.attributes
                0x00000000       0x30
 *(.ARM.attributes)
 .ARM.attributes
                0x00000000       0x22 C:/ST/STM32CubeIDE_1.12.1/STM32CubeIDE/plugins/com.st.stm32cube.ide.mcu.externaltools.gnu-tools-for-stm32.13.3.rel1.win32_1.0.100.202509120712/tools/bin/../lib/gcc/arm-none-eabi/13.3.1/thumb/v7e-m+fp/hard/crti.o
 .ARM.attributes
                0x00000022       0x34 C:/ST/STM32CubeIDE_1.12.1/STM32CubeIDE/plugins/com.st.stm32cube.ide.mcu.externaltools.gnu-tools-for-stm32.13.3.rel1.win32_1.0.100.202509120712/tools/bin/../lib/gcc/arm-none-eabi/13.3.1/thumb/v7e-m+fp/hard/crtbegin.o
 .ARM.attributes
                0x00000056       0x34 ./CANopenNode/301/CO_Emergency.o
 .ARM.attributes
                0x0000008a       0x34 ./CANopenNode/301/CO_HBconsumer.o
 .ARM.attributes
                0x000000be       0x34 ./CANopenNode/301/CO_NMT_Heartbeat.o
 .ARM.attributes
                0x000000f2       0x34 ./CANopenNode/301/CO_ODinterface.o
 .ARM.attributes
                0x00000126       0x34 ./CANopenNode/301/CO_PDO.o
 .ARM.attributes
                0x0000015a       0x34 ./CANopenNode/301/CO_SDOserver.o
 .ARM.attributes
                0x0000018e       0x34 ./CANopenNode/301/CO_SYNC.o
 .ARM.attributes
                0x000001c2       0x34 ./CANopenNode/301/CO_TIME.o
 .ARM.attributes
                0x000001f6       0x34 ./CANopenNode/303/CO_LEDs.o
 .ARM.attributes
                0x0000022a       0x34 ./CANopenNode/305/CO_LSSslave.o
 .ARM.attributes
                0x0000025e       0x34 ./CANopenNode/CANopen.o
 .ARM.attributes
                0x00000292       0x34 ./CANopenNode_STM32/CO_app_STM32.o
 .ARM.attributes
                0x000002c6       0x34 ./CANopenNode_STM32/CO_driver_STM32.o
 .ARM.attributes
                0x000002fa       0x34 ./CANopenNode_STM32/OD.o
 .ARM.attributes
                0x0000032e       0x34 ./Core/Src/adc.o
 .ARM.attributes
                0x00000362       0x34 ./Core/Src/fdcan.o
 .ARM.attributes
                0x00000396       0x34 ./Core/Src/gpio.o
 .ARM.attributes
                0x000003ca       0x34 ./Core/Src/main.o
 .ARM.attributes
                0x000003fe       0x34 ./Core/Src/stm32g4xx_hal_msp.o
 .ARM.attributes