C:/Users/PAUL/OneDrive - ESME/Documents/botique/2026/info/stm32_project/stm32_carte_actionneur/carte_stm32_actionneur/User/Src/elevator_states.c:30:14:ticks_to_mm_V	24	static
C:/Users/PAUL/OneDrive - ESME/Documents/botique/2026/info/stm32_project/stm32_carte_actionneur/carte_stm32_actionneur/User/Src/elevator_states.c:35:14:ticks_to_mm_H	24	static
C:/Users/PAUL/OneDrive - ESME/Documents/botique/2026/info/stm32_project/stm32_carte_actionneur/carte_stm32_actionneur/User/Src/elevator_states.c:48:6:elv_move_v_wake	72	static
C:/Users/PAUL/OneDrive - ESME/Documents/botique/2026/info/stm32_project/stm32_carte_actionneur/carte_stm32_actionneur/User/Src/elevator_states.c:59:6:elv_move_v_run	80	static
C:/Users/PAUL/OneDrive - ESME/Documents/botique/2026/info/stm32_project/stm32_carte_actionneur/carte_stm32_actionneur/User/Src/elevator_states.c:79:6:elv_move_v_stop	40	static
C:/Users/PAUL/OneDrive - ESME/Documents/botique/2026/info/stm32_project/stm32_carte_actionneur/carte_stm32_actionneur/User/Src/elevator_states.c:92:19:genenv_elv_move_v	112	static
C:/Users/PAUL/OneDrive - ESME/Documents/botique/2026/info/stm32_project/stm32_carte_actionneur/carte_stm32_actionneur/User/Src/elevator_states.c:106:6:elv_hold_v_wake	24	static
C:/Users/PAUL/OneDrive - ESME/Documents/botique/2026/info/stm32_project/stm32_carte_actionneur/carte_stm32_actionneur/User/Src/elevator_states.c:115:6:elv_hold_v_run	32	static
C:/Users/PAUL/OneDrive - ESME/Documents/botique/2026/info/stm32_project/stm32_carte_actionneur/carte_stm32_actionneur/User/Src/elevator_states.c:129:6:elv_hold_v_stop	24	static
C:/Users/PAUL/OneDrive - ESME/Documents/botique/2026/info/stm32_project/stm32_carte_actionneur/carte_stm32_actionneur/User/Src/elevator_states.c:142:19:genenv_elv_hold_v	104	static
C:/Users/PAUL/OneDrive - ESME/Documents/botique/2026/info/stm32_project/stm32_carte_actionneur/carte_stm32_actionneur/User/Src/elevator_states.c:156:6:elv_home_v_wake	24	static
C:/Users/PAUL/OneDrive - ESME/Documents/botique/2026/info/stm32_project/stm32_carte_actionneur/carte_stm32_actionneur/User/Src/elevator_states.c:162:6:elv_home_v_run	24	static
C:/Users/PAUL/OneDrive - ESME/Documents/botique/2026/info/stm32_project/stm32_carte_actionneur/carte_stm32_actionneur/User/Src/elevator_states.c:173:6:elv_home_v_stop	24	static
C:/Users/PAUL/OneDrive - ESME/Documents/botique/2026/info/stm32_project/stm32_carte_actionneur/carte_stm32_actionneur/User/Src/elevator_states.c:189:19:genenv_elv_home_v	104	static
C:/Users/PAUL/OneDrive - ESME/Documents/botique/2026/info/stm32_project/stm32_carte_actionneur/carte_stm32_actionneur/User/Src/elevator_states.c:203:6:elv_move_h_wake	72	static
C:/Users/PAUL/OneDrive - ESME/Documents/botique/2026/info/stm32_project/stm32_carte_actionneur/carte_stm32_actionneur/User/Src/elevator_states.c:214:6:elv_move_h_run	80	static
C:/Users/PAUL/OneDrive - ESME/Documents/botique/2026/info/stm32_project/stm32_carte_actionneur/carte_stm32_actionneur/User/Src/elevator_states.c:234:6:elv_move_h_stop	40	static
C:/Users/PAUL/OneDrive - ESME/Documents/botique/2026/info/stm32_project/stm32_carte_actionneur/carte_stm32_actionneur/User/Src/elevator_states.c:247:19:genenv_elv_move_h	112	static
C:/Users/PAUL/OneDrive - ESME/Documents/botique/2026/info/stm32_project/stm32_carte_actionneur/carte_stm32_actionneur/User/Src/elevator_states.c:261:6:elv_hold_h_wake	24	static
C:/Users/PAUL/OneDrive - ESME/Documents/botique/2026/info/stm32_project/stm32_carte_actionneur/carte_stm32_actionneur/User/Src/elevator_states.c:269:6:elv_hold_h_run	32	static
C:/Users/PAUL/OneDrive - ESME/Documents/botique/2026/info/stm32_project/stm32_carte_actionneur/carte_stm32_actionneur/User/Src/elevator_states.c:280:6:elv_hold_h_stop	24	static
C:/Users/PAUL/OneDrive - ESME/Documents/botique/2026/info/stm32_project/stm32_carte_actionneur/carte_stm32_actionneur/User/Src/elevator_states.c:293:19:genenv_elv_hold_h	104	static
C:/Users/PAUL/OneDrive - ESME/Documents/botique/2026/info/stm32_project/stm32_carte_actionneur/carte_stm32_actionneur/User/Src/elevator_states.c:307:6:elv_home_h_wake	24	static
C:/Users/PAUL/OneDrive - ESME/Documents/botique/2026/info/stm32_project/stm32_carte_actionneur/carte_stm32_actionneur/User/Src/elevator_states.c:313:6:elv_home_h_run	24	static
C:/Users/PAUL/OneDrive - ESME/Documents/botique/2026/info/stm32_project/stm32_carte_actionneur/carte_stm32_actionneur/User/Src/elevator_states.c:324:6:elv_home_h_stop	24	static
C:/Users/PAUL/OneDrive - ESME/Documents/botique/2026/info/stm32_project/stm32_carte_actionneur/carte_stm32_actionneur/User/Src/elevator_states.c:340:19:genenv_elv_home_h	104	static
