C:/Users/PAUL/OneDrive - ESME/Documents/botique/2026/info/stm32_project/stm32_carte_actionneur/carte_stm32_actionneur/User/Src/mv_statemachine.c:7:23:MSM_init	832	static
C:/Users/PAUL/OneDrive - ESME/Documents/botique/2026/info/stm32_project/stm32_carte_actionneur/carte_stm32_actionneur/User/Src/mv_statemachine.c:21:7:MSM_reset_construction	16	static
C:/Users/PAUL/OneDrive - ESME/Documents/botique/2026/info/stm32_project/stm32_carte_actionneur/carte_stm32_actionneur/User/Src/mv_statemachine.c:27:7:MSM_enqueue_state	16	static
C:/Users/PAUL/OneDrive - ESME/Documents/botique/2026/info/stm32_project/stm32_carte_actionneur/carte_stm32_actionneur/User/Src/mv_statemachine.c:38:7:MSM_ready_construction	16	static
C:/Users/PAUL/OneDrive - ESME/Documents/botique/2026/info/stm32_project/stm32_carte_actionneur/carte_stm32_actionneur/User/Src/mv_statemachine.c:44:8:MSM_get_construction_index	16	static
C:/Users/PAUL/OneDrive - ESME/Documents/botique/2026/info/stm32_project/stm32_carte_actionneur/carte_stm32_actionneur/User/Src/mv_statemachine.c:49:7:MSM_is_construction_full	16	static
C:/Users/PAUL/OneDrive - ESME/Documents/botique/2026/info/stm32_project/stm32_carte_actionneur/carte_stm32_actionneur/User/Src/mv_statemachine.c:54:5:MSM_is_busy	16	static
C:/Users/PAUL/OneDrive - ESME/Documents/botique/2026/info/stm32_project/stm32_carte_actionneur/carte_stm32_actionneur/User/Src/mv_statemachine.c:59:5:MSM_update	32	static
C:/Users/PAUL/OneDrive - ESME/Documents/botique/2026/info/stm32_project/stm32_carte_actionneur/carte_stm32_actionneur/User/Src/mv_statemachine.c:123:7:MSM_set_state_finished	16	static
