C:/Users/PAUL/OneDrive - ESME/Documents/botique/2026/info/stm32_project/stm32_carte_actionneur/carte_stm32_actionneur/Core/Src/main.c:78:1:__io_putchar	1
C:/Users/PAUL/OneDrive - ESME/Documents/botique/2026/info/stm32_project/stm32_carte_actionneur/carte_stm32_actionneur/Core/Src/main.c:90:5:main	1
C:/Users/PAUL/OneDrive - ESME/Documents/botique/2026/info/stm32_project/stm32_carte_actionneur/carte_stm32_actionneur/Core/Src/main.c:236:6:SystemClock_Config	3
C:/Users/PAUL/OneDrive - ESME/Documents/botique/2026/info/stm32_project/stm32_carte_actionneur/carte_stm32_actionneur/Core/Src/main.c:286:6:Error_Handler	1
