C:/Users/PAUL/OneDrive - ESME/Documents/botique/2026/info/stm32_project/stm32_carte_actionneur/carte_stm32_actionneur/Core/Src/stm32g4xx_it.c:77:6:NMI_Handler	4	static
C:/Users/PAUL/OneDrive - ESME/Documents/botique/2026/info/stm32_project/stm32_carte_actionneur/carte_stm32_actionneur/Core/Src/stm32g4xx_it.c:92:6:HardFault_Handler	4	static
C:/Users/PAUL/OneDrive - ESME/Documents/botique/2026/info/stm32_project/stm32_carte_actionneur/carte_stm32_actionneur/Core/Src/stm32g4xx_it.c:107:6:MemManage_Handler	4	static
C:/Users/PAUL/OneDrive - ESME/Documents/botique/2026/info/stm32_project/stm32_carte_actionneur/carte_stm32_actionneur/Core/Src/stm32g4xx_it.c:122:6:BusFault_Handler	4	static
C:/Users/PAUL/OneDrive - ESME/Documents/botique/2026/info/stm32_project/stm32_carte_actionneur/carte_stm32_actionneur/Core/Src/stm32g4xx_it.c:137:6:UsageFault_Handler	4	static
C:/Users/PAUL/OneDrive - ESME/Documents/botique/2026/info/stm32_project/stm32_carte_actionneur/carte_stm32_actionneur/Core/Src/stm32g4xx_it.c:152:6:SVC_Handler	4	static
C:/Users/PAUL/OneDrive - ESME/Documents/botique/2026/info/stm32_project/stm32_carte_actionneur/carte_stm32_actionneur/Core/Src/stm32g4xx_it.c:165:6:DebugMon_Handler	4	static
C:/Users/PAUL/OneDrive - ESME/Documents/botique/2026/info/stm32_project/stm32_carte_actionneur/carte_stm32_actionneur/Core/Src/stm32g4xx_it.c:178:6:PendSV_Handler	4	static
C:/Users/PAUL/OneDrive - ESME/Documents/botique/2026/info/stm32_project/stm32_carte_actionneur/carte_stm32_actionneur/Core/Src/stm32g4xx_it.c:191:6:SysTick_Handler	8	static
C:/Users/PAUL/OneDrive - ESME/Documents/botique/2026/info/stm32_project/stm32_carte_actionneur/carte_stm32_actionneur/Core/Src/stm32g4xx_it.c:212:6:TIM2_IRQHandler	256	static
C:/Users/PAUL/OneDrive - ESME/Documents/botique/2026/info/stm32_project/stm32_carte_actionneur/carte_stm32_actionneur/Core/Src/stm32g4xx_it.c:292:6:USART3_IRQHandler	8	static
